#
# There is insufficient memory for the Java Runtime Environment to continue.
# Native memory allocation (malloc) failed to allocate 32744 bytes. Error detail: Chunk::new
# Possible reasons:
#   The system is out of physical RAM or swap space
#   This process is running with CompressedOops enabled, and the Java Heap may be blocking the growth of the native heap
# Possible solutions:
#   Reduce memory load on the system
#   Increase physical memory or swap space
#   Check if swap backing store is full
#   Decrease Java heap size (-Xmx/-Xms)
#   Decrease number of Java threads
#   Decrease Java thread stack sizes (-Xss)
#   Set larger code cache with -XX:ReservedCodeCacheSize=
#   JVM is running with Unscaled Compressed Oops mode in which the Java heap is
#     placed in the first 4GB address space. The Java Heap base address is the
#     maximum limit for the native heap growth. Please use -XX:HeapBaseMinAddress
#     to set the Java Heap base and to place the Java Heap above 4GB virtual address.
# This output file may be truncated or incomplete.
#
#  Out of Memory Error (arena.cpp:168), pid=21280, tid=13012
#
# JRE version: OpenJDK Runtime Environment (21.0.7) (build 21.0.7+-13880790-b1038.58)
# Java VM: OpenJDK 64-Bit Server VM (21.0.7+-13880790-b1038.58, mixed mode, tiered, compressed oops, compressed class ptrs, g1 gc, windows-amd64)
# No core dump will be written. Minidumps are not enabled by default on client versions of Windows
#

---------------  S U M M A R Y ------------

Command Line: --add-opens=java.base/java.util=ALL-UNNAMED --add-opens=java.base/java.lang=ALL-UNNAMED --add-opens=java.base/java.lang.invoke=ALL-UNNAMED --add-opens=java.prefs/java.util.prefs=ALL-UNNAMED --add-opens=java.base/java.nio.charset=ALL-UNNAMED --add-opens=java.base/java.net=ALL-UNNAMED --add-opens=java.base/java.util.concurrent.atomic=ALL-UNNAMED -XX:MaxMetaspaceSize=384m -XX:+HeapDumpOnOutOfMemoryError -Xms256m -Xmx512m -Dfile.encoding=UTF-8 -Duser.country=US -Duser.language=en -Duser.variant -javaagent:C:\Users\SYS\.gradle\wrapper\dists\gradle-8.6-bin\afr5mpiioh2wthjmwnkmdsd5w\gradle-8.6\lib\agents\gradle-instrumentation-agent-8.6.jar org.gradle.launcher.daemon.bootstrap.GradleDaemon 8.6

Host: Intel(R) Core(TM) i5-8365U CPU @ 1.60GHz, 8 cores, 11G,  Windows 11 , 64 bit Build 26100 (10.0.26100.7309)
Time: Fri Dec 19 15:23:52 2025 Pakistan Standard Time elapsed time: 218.249862 seconds (0d 0h 3m 38s)

---------------  T H R E A D  ---------------

Current thread (0x000002906e0e0360):  JavaThread "C2 CompilerThread0" daemon [_thread_in_native, id=13012, stack(0x000000ddcd400000,0x000000ddcd500000) (1024K)]


Current CompileTask:
C2:218250 14362   !   4       java.net.URLClassLoader::findClass (47 bytes)

Stack: [0x000000ddcd400000,0x000000ddcd500000]
Native frames: (J=compiled Java code, j=interpreted, Vv=VM code, C=native code)
V  [jvm.dll+0x6d25c9]
V  [jvm.dll+0x860923]
V  [jvm.dll+0x862e7e]
V  [jvm.dll+0x863563]
V  [jvm.dll+0x27f156]
V  [jvm.dll+0xc002d]
V  [jvm.dll+0xc0563]
V  [jvm.dll+0x3bc148]
V  [jvm.dll+0x5dd508]
V  [jvm.dll+0x5dc5c1]
V  [jvm.dll+0x5dce32]
V  [jvm.dll+0x382c56]
V  [jvm.dll+0x38209a]
V  [jvm.dll+0x247e72]
V  [jvm.dll+0x247441]
V  [jvm.dll+0x1c5fb4]
V  [jvm.dll+0x256bac]
V  [jvm.dll+0x2550f6]
V  [jvm.dll+0x3f1d16]
V  [jvm.dll+0x808d08]
V  [jvm.dll+0x6d0e1d]
C  [ucrtbase.dll+0x37b0]
C  [KERNEL32.DLL+0x2e8d7]
C  [ntdll.dll+0x8c53c]


---------------  P R O C E S S  ---------------

Threads class SMR info:
_java_thread_list=0x0000029071d630f0, length=52, elements={
0x00000290542c9f80, 0x000002906e0a6780, 0x000002906e0abea0, 0x000002906e0ac900,
0x000002906e0d8bb0, 0x000002906e0da620, 0x000002906e0db080, 0x000002906e0c6730,
0x000002906e0e0360, 0x000002906e0e7360, 0x000002906e483070, 0x000002906fa4ba30,
0x000002906e728700, 0x000002906f3d0400, 0x0000029070112330, 0x000002906e4d3bd0,
0x000002906fab1d10, 0x000002906fab33c0, 0x000002906e3e77c0, 0x000002906e3e7e50,
0x000002906e3e9200, 0x000002906e3e9890, 0x000002906e3e9f20, 0x000002906e3e84e0,
0x000002906e3ea5b0, 0x000002906e3eac40, 0x0000029071d16a20, 0x0000029071d14950,
0x0000029071d14fe0, 0x0000029071d15d00, 0x0000029071d16390, 0x0000029071d13c30,
0x0000029071d135a0, 0x0000029071d170b0, 0x0000029071d142c0, 0x0000029071d18af0,
0x0000029071d17dd0, 0x0000029071d15670, 0x0000029071d19180, 0x0000029071ba73a0,
0x0000029071ba5960, 0x0000029071ba3f20, 0x0000029071ba7a30, 0x0000029071ba45b0,
0x0000029071ba80c0, 0x0000029071ba4c40, 0x0000029071baaeb0, 0x0000029071baa190,
0x0000029071ba52d0, 0x0000029075954790, 0x0000029072844830, 0x00000290728455d0
}

Java Threads: ( => current thread )
  0x00000290542c9f80 JavaThread "main"                              [_thread_blocked, id=1916, stack(0x000000ddcc500000,0x000000ddcc600000) (1024K)]
  0x000002906e0a6780 JavaThread "Common-Cleaner"             daemon [_thread_blocked, id=19160, stack(0x000000ddccd00000,0x000000ddcce00000) (1024K)]
  0x000002906e0abea0 JavaThread "Reference Handler"          daemon [_thread_blocked, id=26936, stack(0x000000ddcce00000,0x000000ddccf00000) (1024K)]
  0x000002906e0ac900 JavaThread "Finalizer"                  daemon [_thread_blocked, id=14820, stack(0x000000ddccf00000,0x000000ddcd000000) (1024K)]
  0x000002906e0d8bb0 JavaThread "Signal Dispatcher"          daemon [_thread_blocked, id=6288, stack(0x000000ddcd000000,0x000000ddcd100000) (1024K)]
  0x000002906e0da620 JavaThread "Attach Listener"            daemon [_thread_blocked, id=25868, stack(0x000000ddcd100000,0x000000ddcd200000) (1024K)]
  0x000002906e0db080 JavaThread "Service Thread"             daemon [_thread_blocked, id=28336, stack(0x000000ddcd200000,0x000000ddcd300000) (1024K)]
  0x000002906e0c6730 JavaThread "Monitor Deflation Thread"   daemon [_thread_blocked, id=15444, stack(0x000000ddcd300000,0x000000ddcd400000) (1024K)]
=>0x000002906e0e0360 JavaThread "C2 CompilerThread0"         daemon [_thread_in_native, id=13012, stack(0x000000ddcd400000,0x000000ddcd500000) (1024K)]
  0x000002906e0e7360 JavaThread "C1 CompilerThread0"         daemon [_thread_blocked, id=27304, stack(0x000000ddcd500000,0x000000ddcd600000) (1024K)]
  0x000002906e483070 JavaThread "Notification Thread"        daemon [_thread_blocked, id=25060, stack(0x000000ddcd600000,0x000000ddcd700000) (1024K)]
  0x000002906fa4ba30 JavaThread "Daemon health stats"               [_thread_blocked, id=4088, stack(0x000000ddcdc00000,0x000000ddcdd00000) (1024K)]
  0x000002906e728700 JavaThread "Incoming local TCP Connector on port 60202"        [_thread_in_native, id=18732, stack(0x000000ddcde00000,0x000000ddcdf00000) (1024K)]
  0x000002906f3d0400 JavaThread "Daemon periodic checks"            [_thread_blocked, id=15276, stack(0x000000ddcdf00000,0x000000ddce000000) (1024K)]
  0x0000029070112330 JavaThread "Daemon"                            [_thread_blocked, id=9888, stack(0x000000ddcdd00000,0x000000ddcde00000) (1024K)]
  0x000002906e4d3bd0 JavaThread "Handler for socket connection from /127.0.0.1:60202 to /127.0.0.1:60203"        [_thread_in_native, id=21448, stack(0x000000ddce000000,0x000000ddce100000) (1024K)]
  0x000002906fab1d10 JavaThread "Cancel handler"                    [_thread_blocked, id=18940, stack(0x000000ddce100000,0x000000ddce200000) (1024K)]
  0x000002906fab33c0 JavaThread "Daemon worker"                     [_thread_blocked, id=27528, stack(0x000000ddce200000,0x000000ddce300000) (1024K)]
  0x000002906e3e77c0 JavaThread "Asynchronous log dispatcher for DefaultDaemonConnection: socket connection from /127.0.0.1:60202 to /127.0.0.1:60203"        [_thread_blocked, id=6004, stack(0x000000ddce300000,0x000000ddce400000) (1024K)]
  0x000002906e3e7e50 JavaThread "Stdin handler"                     [_thread_blocked, id=14004, stack(0x000000ddce400000,0x000000ddce500000) (1024K)]
  0x000002906e3e9200 JavaThread "Daemon client event forwarder"        [_thread_blocked, id=22768, stack(0x000000ddce500000,0x000000ddce600000) (1024K)]
  0x000002906e3e9890 JavaThread "Cache worker for journal cache (C:\Users\SYS\.gradle\caches\journal-1)"        [_thread_blocked, id=16884, stack(0x000000ddce900000,0x000000ddcea00000) (1024K)]
  0x000002906e3e9f20 JavaThread "File lock request listener"        [_thread_in_native, id=8708, stack(0x000000ddcea00000,0x000000ddceb00000) (1024K)]
  0x000002906e3e84e0 JavaThread "Cache worker for file hash cache (C:\Users\SYS\.gradle\caches\8.6\fileHashes)"        [_thread_blocked, id=13628, stack(0x000000ddceb00000,0x000000ddcec00000) (1024K)]
  0x000002906e3ea5b0 JavaThread "File watcher server"        daemon [_thread_in_native, id=13016, stack(0x000000ddced00000,0x000000ddcee00000) (1024K)]
  0x000002906e3eac40 JavaThread "File watcher consumer"      daemon [_thread_blocked, id=17084, stack(0x000000ddcee00000,0x000000ddcef00000) (1024K)]
  0x0000029071d16a20 JavaThread "jar transforms"                    [_thread_blocked, id=9260, stack(0x000000ddcec00000,0x000000ddced00000) (1024K)]
  0x0000029071d14950 JavaThread "jar transforms Thread 2"           [_thread_blocked, id=23876, stack(0x000000ddcef00000,0x000000ddcf000000) (1024K)]
  0x0000029071d14fe0 JavaThread "jar transforms Thread 3"           [_thread_blocked, id=18944, stack(0x000000ddcf000000,0x000000ddcf100000) (1024K)]
  0x0000029071d15d00 JavaThread "jar transforms Thread 4"           [_thread_blocked, id=2972, stack(0x000000ddcf100000,0x000000ddcf200000) (1024K)]
  0x0000029071d16390 JavaThread "jar transforms Thread 5"           [_thread_blocked, id=23164, stack(0x000000ddcf200000,0x000000ddcf300000) (1024K)]
  0x0000029071d13c30 JavaThread "jar transforms Thread 6"           [_thread_blocked, id=10800, stack(0x000000ddcf300000,0x000000ddcf400000) (1024K)]
  0x0000029071d135a0 JavaThread "jar transforms Thread 7"           [_thread_blocked, id=20944, stack(0x000000ddcf400000,0x000000ddcf500000) (1024K)]
  0x0000029071d170b0 JavaThread "jar transforms Thread 8"           [_thread_blocked, id=24408, stack(0x000000ddcf500000,0x000000ddcf600000) (1024K)]
  0x0000029071d142c0 JavaThread "Cache worker for checksums cache (D:\Documents\5 sem\MAD\Kaarigar Wood Work\.gradle\8.6\checksums)"        [_thread_blocked, id=19752, stack(0x000000ddcf700000,0x000000ddcf800000) (1024K)]
  0x0000029071d18af0 JavaThread "Cache worker for file hash cache (D:\Documents\5 sem\MAD\Kaarigar Wood Work\.gradle\8.6\fileHashes)"        [_thread_blocked, id=18764, stack(0x000000ddcf800000,0x000000ddcf900000) (1024K)]
  0x0000029071d17dd0 JavaThread "Cache worker for cache directory md-supplier (C:\Users\SYS\.gradle\caches\8.6\md-supplier)"        [_thread_blocked, id=13056, stack(0x000000ddcf900000,0x000000ddcfa00000) (1024K)]
  0x0000029071d15670 JavaThread "Cache worker for cache directory md-rule (C:\Users\SYS\.gradle\caches\8.6\md-rule)"        [_thread_blocked, id=23352, stack(0x000000ddcfa00000,0x000000ddcfb00000) (1024K)]
  0x0000029071d19180 JavaThread "Cache worker for file content cache (C:\Users\SYS\.gradle\caches\8.6\fileContent)"        [_thread_blocked, id=356, stack(0x000000ddcfb00000,0x000000ddcfc00000) (1024K)]
  0x0000029071ba73a0 JavaThread "Unconstrained build operations"        [_thread_blocked, id=28164, stack(0x000000ddcf600000,0x000000ddcf700000) (1024K)]
  0x0000029071ba5960 JavaThread "Unconstrained build operations Thread 2"        [_thread_blocked, id=13824, stack(0x000000ddcfc00000,0x000000ddcfd00000) (1024K)]
  0x0000029071ba3f20 JavaThread "Unconstrained build operations Thread 3"        [_thread_blocked, id=28436, stack(0x000000ddcff00000,0x000000ddd0000000) (1024K)]
  0x0000029071ba7a30 JavaThread "Unconstrained build operations Thread 4"        [_thread_blocked, id=20976, stack(0x000000ddd0000000,0x000000ddd0100000) (1024K)]
  0x0000029071ba45b0 JavaThread "Unconstrained build operations Thread 5"        [_thread_blocked, id=8788, stack(0x000000ddd0100000,0x000000ddd0200000) (1024K)]
  0x0000029071ba80c0 JavaThread "Unconstrained build operations Thread 6"        [_thread_blocked, id=25564, stack(0x000000ddd0200000,0x000000ddd0300000) (1024K)]
  0x0000029071ba4c40 JavaThread "Unconstrained build operations Thread 7"        [_thread_blocked, id=27716, stack(0x000000ddd0300000,0x000000ddd0400000) (1024K)]
  0x0000029071baaeb0 JavaThread "Unconstrained build operations Thread 8"        [_thread_blocked, id=23220, stack(0x000000ddd0400000,0x000000ddd0500000) (1024K)]
  0x0000029071baa190 JavaThread "Unconstrained build operations Thread 9"        [_thread_blocked, id=4404, stack(0x000000ddd0500000,0x000000ddd0600000) (1024K)]
  0x0000029071ba52d0 JavaThread "File lock release action executor"        [_thread_blocked, id=14036, stack(0x000000ddcc200000,0x000000ddcc300000) (1024K)]
  0x0000029075954790 JavaThread "Cache worker for Build Output Cleanup Cache (D:\Documents\5 sem\MAD\Kaarigar Wood Work\.gradle\buildOutputCleanup)"        [_thread_blocked, id=7240, stack(0x000000ddcc300000,0x000000ddcc400000) (1024K)]
  0x0000029072844830 JavaThread "C2 CompilerThread1"         daemon [_thread_in_vm, id=14704, stack(0x000000ddcfe00000,0x000000ddcff00000) (1024K)]
  0x00000290728455d0 JavaThread "C2 CompilerThread2"         daemon [_thread_in_native, id=13560, stack(0x000000ddd0600000,0x000000ddd0700000) (1024K)]
Total: 52

Other Threads:
  0x0000029069bfebf0 VMThread "VM Thread"                           [id=18108, stack(0x000000ddccc00000,0x000000ddccd00000) (1024K)] _threads_hazard_ptr=0x0000029071d630f0
  0x0000029069bc7800 WatcherThread "VM Periodic Task Thread"        [id=18280, stack(0x000000ddccb00000,0x000000ddccc00000) (1024K)]
  0x00000290542f4c10 WorkerThread "GC Thread#0"                     [id=23812, stack(0x000000ddcc600000,0x000000ddcc700000) (1024K)]
  0x000002906ee63cc0 WorkerThread "GC Thread#1"                     [id=13700, stack(0x000000ddcd700000,0x000000ddcd800000) (1024K)]
  0x000002906ee64060 WorkerThread "GC Thread#2"                     [id=27188, stack(0x000000ddcd800000,0x000000ddcd900000) (1024K)]
  0x000002906e559f00 WorkerThread "GC Thread#3"                     [id=27732, stack(0x000000ddcd900000,0x000000ddcda00000) (1024K)]
  0x000002906e55a2a0 WorkerThread "GC Thread#4"                     [id=25976, stack(0x000000ddcda00000,0x000000ddcdb00000) (1024K)]
  0x000002906e55a640 WorkerThread "GC Thread#5"                     [id=28564, stack(0x000000ddcdb00000,0x000000ddcdc00000) (1024K)]
  0x000002906f360c40 WorkerThread "GC Thread#6"                     [id=18040, stack(0x000000ddce600000,0x000000ddce700000) (1024K)]
  0x000002906e61d0c0 WorkerThread "GC Thread#7"                     [id=9412, stack(0x000000ddce700000,0x000000ddce800000) (1024K)]
  0x00000290542f9b00 ConcurrentGCThread "G1 Main Marker"            [id=13916, stack(0x000000ddcc700000,0x000000ddcc800000) (1024K)]
  0x00000290542fb350 WorkerThread "G1 Conc#0"                       [id=16748, stack(0x000000ddcc800000,0x000000ddcc900000) (1024K)]
  0x000002906e61d460 WorkerThread "G1 Conc#1"                       [id=28288, stack(0x000000ddce800000,0x000000ddce900000) (1024K)]
  0x0000029069a961f0 ConcurrentGCThread "G1 Refine#0"               [id=18868, stack(0x000000ddcc900000,0x000000ddcca00000) (1024K)]
  0x0000029069a96a10 ConcurrentGCThread "G1 Service"                [id=24864, stack(0x000000ddcca00000,0x000000ddccb00000) (1024K)]
Total: 15

Threads with active compile tasks:
C2 CompilerThread0  218344 14362   !   4       java.net.URLClassLoader::findClass (47 bytes)
C2 CompilerThread1  218344 14364       4       jdk.internal.loader.URLClassPath$JarLoader$2::getBytes (48 bytes)
C2 CompilerThread2  218344 14378       4       java.io.DataInputStream::readChar (19 bytes)
Total: 3

VM state: not at safepoint (normal execution)

VM Mutex/Monitor currently owned by a thread: None

Heap address: 0x00000000e0000000, size: 512 MB, Compressed Oops mode: 32-bit

CDS archive(s) not mapped
Compressed class space mapped at: 0x0000000100000000-0x0000000114000000, reserved size: 335544320
Narrow klass base: 0x0000000000000000, Narrow klass shift: 3, Narrow klass range: 0x114000000

GC Precious Log:
 CardTable entry size: 512
 Card Set container configuration: InlinePtr #cards 5 size 8 Array Of Cards #cards 12 size 40 Howl #buckets 4 coarsen threshold 1843 Howl Bitmap #cards 512 size 80 coarsen threshold 460 Card regions per heap region 1 cards per card region 2048
 CPUs: 8 total, 8 available
 Memory: 12003M
 Large Page Support: Disabled
 NUMA Support: Disabled
 Compressed Oops: Enabled (32-bit)
 Heap Region Size: 1M
 Heap Min Capacity: 256M
 Heap Initial Capacity: 256M
 Heap Max Capacity: 512M
 Pre-touch: Disabled
 Parallel Workers: 8
 Concurrent Workers: 2
 Concurrent Refinement Workers: 8
 Periodic GC: Disabled

Heap:
 garbage-first heap   total 277504K, used 241674K [0x00000000e0000000, 0x0000000100000000)
  region size 1024K, 116 young (118784K), 14 survivors (14336K)
 Metaspace       used 138255K, committed 140352K, reserved 458752K
  class space    used 17901K, committed 18944K, reserved 327680K

Heap Regions: E=young(eden), S=young(survivor), O=old, HS=humongous(starts), HC=humongous(continues), CS=collection set, F=free, TAMS=top-at-mark-start, PB=parsable bottom
|   0|0x00000000e0000000, 0x00000000e0100000, 0x00000000e0100000|100%|HS|  |TAMS 0x00000000e0000000| PB 0x00000000e0000000| Complete 
|   1|0x00000000e0100000, 0x00000000e0200000, 0x00000000e0200000|100%|HC|  |TAMS 0x00000000e0100000| PB 0x00000000e0100000| Complete 
|   2|0x00000000e0200000, 0x00000000e0300000, 0x00000000e0300000|100%|HC|  |TAMS 0x00000000e0200000| PB 0x00000000e0200000| Complete 
|   3|0x00000000e0300000, 0x00000000e0400000, 0x00000000e0400000|100%|HC|  |TAMS 0x00000000e0300000| PB 0x00000000e0300000| Complete 
|   4|0x00000000e0400000, 0x00000000e0500000, 0x00000000e0500000|100%| O|  |TAMS 0x00000000e0400000| PB 0x00000000e0400000| Untracked 
|   5|0x00000000e0500000, 0x00000000e0600000, 0x00000000e0600000|100%| O|  |TAMS 0x00000000e0500000| PB 0x00000000e0500000| Untracked 
|   6|0x00000000e0600000, 0x00000000e0700000, 0x00000000e0700000|100%| O|  |TAMS 0x00000000e0600000| PB 0x00000000e0600000| Untracked 
|   7|0x00000000e0700000, 0x00000000e0800000, 0x00000000e0800000|100%| O|  |TAMS 0x00000000e0700000| PB 0x00000000e0700000| Untracked 
|   8|0x00000000e0800000, 0x00000000e0900000, 0x00000000e0900000|100%| O|  |TAMS 0x00000000e0800000| PB 0x00000000e0800000| Untracked 
|   9|0x00000000e0900000, 0x00000000e0a00000, 0x00000000e0a00000|100%| O|  |TAMS 0x00000000e0900000| PB 0x00000000e0900000| Untracked 
|  10|0x00000000e0a00000, 0x00000000e0b00000, 0x00000000e0b00000|100%| O|  |TAMS 0x00000000e0a00000| PB 0x00000000e0a00000| Untracked 
|  11|0x00000000e0b00000, 0x00000000e0c00000, 0x00000000e0c00000|100%|HS|  |TAMS 0x00000000e0b00000| PB 0x00000000e0b00000| Complete 
|  12|0x00000000e0c00000, 0x00000000e0d00000, 0x00000000e0d00000|100%|HC|  |TAMS 0x00000000e0c00000| PB 0x00000000e0c00000| Complete 
|  13|0x00000000e0d00000, 0x00000000e0e00000, 0x00000000e0e00000|100%|HC|  |TAMS 0x00000000e0d00000| PB 0x00000000e0d00000| Complete 
|  14|0x00000000e0e00000, 0x00000000e0f00000, 0x00000000e0f00000|100%|HC|  |TAMS 0x00000000e0e00000| PB 0x00000000e0e00000| Complete 
|  15|0x00000000e0f00000, 0x00000000e1000000, 0x00000000e1000000|100%|HC|  |TAMS 0x00000000e0f00000| PB 0x00000000e0f00000| Complete 
|  16|0x00000000e1000000, 0x00000000e1100000, 0x00000000e1100000|100%|HC|  |TAMS 0x00000000e1000000| PB 0x00000000e1000000| Complete 
|  17|0x00000000e1100000, 0x00000000e1200000, 0x00000000e1200000|100%|HS|  |TAMS 0x00000000e1100000| PB 0x00000000e1100000| Complete 
|  18|0x00000000e1200000, 0x00000000e1300000, 0x00000000e1300000|100%|HS|  |TAMS 0x00000000e1200000| PB 0x00000000e1200000| Complete 
|  19|0x00000000e1300000, 0x00000000e1400000, 0x00000000e1400000|100%|HC|  |TAMS 0x00000000e1300000| PB 0x00000000e1300000| Complete 
|  20|0x00000000e1400000, 0x00000000e1500000, 0x00000000e1500000|100%|HC|  |TAMS 0x00000000e1400000| PB 0x00000000e1400000| Complete 
|  21|0x00000000e1500000, 0x00000000e1600000, 0x00000000e1600000|100%|HC|  |TAMS 0x00000000e1500000| PB 0x00000000e1500000| Complete 
|  22|0x00000000e1600000, 0x00000000e1700000, 0x00000000e1700000|100%|HS|  |TAMS 0x00000000e1600000| PB 0x00000000e1600000| Complete 
|  23|0x00000000e1700000, 0x00000000e1800000, 0x00000000e1800000|100%|HC|  |TAMS 0x00000000e1700000| PB 0x00000000e1700000| Complete 
|  24|0x00000000e1800000, 0x00000000e1900000, 0x00000000e1900000|100%|HS|  |TAMS 0x00000000e1800000| PB 0x00000000e1800000| Complete 
|  25|0x00000000e1900000, 0x00000000e1a00000, 0x00000000e1a00000|100%|HS|  |TAMS 0x00000000e1900000| PB 0x00000000e1900000| Complete 
|  26|0x00000000e1a00000, 0x00000000e1b00000, 0x00000000e1b00000|100%|HC|  |TAMS 0x00000000e1a00000| PB 0x00000000e1a00000| Complete 
|  27|0x00000000e1b00000, 0x00000000e1c00000, 0x00000000e1c00000|100%|HC|  |TAMS 0x00000000e1b00000| PB 0x00000000e1b00000| Complete 
|  28|0x00000000e1c00000, 0x00000000e1d00000, 0x00000000e1d00000|100%|HC|  |TAMS 0x00000000e1c00000| PB 0x00000000e1c00000| Complete 
|  29|0x00000000e1d00000, 0x00000000e1e00000, 0x00000000e1e00000|100%|HC|  |TAMS 0x00000000e1d00000| PB 0x00000000e1d00000| Complete 
|  30|0x00000000e1e00000, 0x00000000e1f00000, 0x00000000e1f00000|100%|HC|  |TAMS 0x00000000e1e00000| PB 0x00000000e1e00000| Complete 
|  31|0x00000000e1f00000, 0x00000000e2000000, 0x00000000e2000000|100%|HS|  |TAMS 0x00000000e1f00000| PB 0x00000000e1f00000| Complete 
|  32|0x00000000e2000000, 0x00000000e2100000, 0x00000000e2100000|100%|HS|  |TAMS 0x00000000e2000000| PB 0x00000000e2000000| Complete 
|  33|0x00000000e2100000, 0x00000000e2200000, 0x00000000e2200000|100%|HC|  |TAMS 0x00000000e2100000| PB 0x00000000e2100000| Complete 
|  34|0x00000000e2200000, 0x00000000e2300000, 0x00000000e2300000|100%|HC|  |TAMS 0x00000000e2200000| PB 0x00000000e2200000| Complete 
|  35|0x00000000e2300000, 0x00000000e2400000, 0x00000000e2400000|100%|HC|  |TAMS 0x00000000e2300000| PB 0x00000000e2300000| Complete 
|  36|0x00000000e2400000, 0x00000000e2500000, 0x00000000e2500000|100%|HS|  |TAMS 0x00000000e2400000| PB 0x00000000e2400000| Complete 
|  37|0x00000000e2500000, 0x00000000e2600000, 0x00000000e2600000|100%|HC|  |TAMS 0x00000000e2500000| PB 0x00000000e2500000| Complete 
|  38|0x00000000e2600000, 0x00000000e2700000, 0x00000000e2700000|100%|HS|  |TAMS 0x00000000e2600000| PB 0x00000000e2600000| Complete 
|  39|0x00000000e2700000, 0x00000000e2800000, 0x00000000e2800000|100%| O|  |TAMS 0x00000000e2700000| PB 0x00000000e2700000| Untracked 
|  40|0x00000000e2800000, 0x00000000e2900000, 0x00000000e2900000|100%| O|  |TAMS 0x00000000e2800000| PB 0x00000000e2800000| Untracked 
|  41|0x00000000e2900000, 0x00000000e2a00000, 0x00000000e2a00000|100%| O|  |TAMS 0x00000000e2900000| PB 0x00000000e2900000| Untracked 
|  42|0x00000000e2a00000, 0x00000000e2b00000, 0x00000000e2b00000|100%| O|  |TAMS 0x00000000e2a00000| PB 0x00000000e2a00000| Untracked 
|  43|0x00000000e2b00000, 0x00000000e2c00000, 0x00000000e2c00000|100%| O|  |TAMS 0x00000000e2b00000| PB 0x00000000e2b00000| Untracked 
|  44|0x00000000e2c00000, 0x00000000e2d00000, 0x00000000e2d00000|100%| O|  |TAMS 0x00000000e2c00000| PB 0x00000000e2c00000| Untracked 
|  45|0x00000000e2d00000, 0x00000000e2e00000, 0x00000000e2e00000|100%| O|  |TAMS 0x00000000e2d00000| PB 0x00000000e2d00000| Untracked 
|  46|0x00000000e2e00000, 0x00000000e2f00000, 0x00000000e2f00000|100%| O|  |TAMS 0x00000000e2e00000| PB 0x00000000e2e00000| Untracked 
|  47|0x00000000e2f00000, 0x00000000e3000000, 0x00000000e3000000|100%| O|  |TAMS 0x00000000e2f00000| PB 0x00000000e2f00000| Untracked 
|  48|0x00000000e3000000, 0x00000000e3100000, 0x00000000e3100000|100%| O|  |TAMS 0x00000000e3000000| PB 0x00000000e3000000| Untracked 
|  49|0x00000000e3100000, 0x00000000e3200000, 0x00000000e3200000|100%| O|  |TAMS 0x00000000e3100000| PB 0x00000000e3100000| Untracked 
|  50|0x00000000e3200000, 0x00000000e3300000, 0x00000000e3300000|100%| O|  |TAMS 0x00000000e3200000| PB 0x00000000e3200000| Untracked 
|  51|0x00000000e3300000, 0x00000000e3400000, 0x00000000e3400000|100%| O|  |TAMS 0x00000000e3300000| PB 0x00000000e3300000| Untracked 
|  52|0x00000000e3400000, 0x00000000e3500000, 0x00000000e3500000|100%| O|  |TAMS 0x00000000e3400000| PB 0x00000000e3400000| Untracked 
|  53|0x00000000e3500000, 0x00000000e3600000, 0x00000000e3600000|100%| O|  |TAMS 0x00000000e3500000| PB 0x00000000e3500000| Untracked 
|  54|0x00000000e3600000, 0x00000000e3700000, 0x00000000e3700000|100%| O|  |TAMS 0x00000000e3600000| PB 0x00000000e3600000| Untracked 
|  55|0x00000000e3700000, 0x00000000e3800000, 0x00000000e3800000|100%| O|  |TAMS 0x00000000e3700000| PB 0x00000000e3700000| Untracked 
|  56|0x00000000e3800000, 0x00000000e3900000, 0x00000000e3900000|100%| O|  |TAMS 0x00000000e3800000| PB 0x00000000e3800000| Untracked 
|  57|0x00000000e3900000, 0x00000000e3a00000, 0x00000000e3a00000|100%| O|Cm|TAMS 0x00000000e3900000| PB 0x00000000e3900000| Complete 
|  58|0x00000000e3a00000, 0x00000000e3b00000, 0x00000000e3b00000|100%| O|  |TAMS 0x00000000e3a00000| PB 0x00000000e3a00000| Untracked 
|  59|0x00000000e3b00000, 0x00000000e3c00000, 0x00000000e3c00000|100%| O|  |TAMS 0x00000000e3b00000| PB 0x00000000e3b00000| Untracked 
|  60|0x00000000e3c00000, 0x00000000e3d00000, 0x00000000e3d00000|100%| O|  |TAMS 0x00000000e3c00000| PB 0x00000000e3c00000| Untracked 
|  61|0x00000000e3d00000, 0x00000000e3e00000, 0x00000000e3e00000|100%| O|  |TAMS 0x00000000e3d00000| PB 0x00000000e3d00000| Untracked 
|  62|0x00000000e3e00000, 0x00000000e3f00000, 0x00000000e3f00000|100%| O|  |TAMS 0x00000000e3e00000| PB 0x00000000e3e00000| Untracked 
|  63|0x00000000e3f00000, 0x00000000e4000000, 0x00000000e4000000|100%| O|  |TAMS 0x00000000e3f00000| PB 0x00000000e3f00000| Untracked 
|  64|0x00000000e4000000, 0x00000000e4100000, 0x00000000e4100000|100%| O|  |TAMS 0x00000000e4000000| PB 0x00000000e4000000| Untracked 
|  65|0x00000000e4100000, 0x00000000e4200000, 0x00000000e4200000|100%| O|  |TAMS 0x00000000e4100000| PB 0x00000000e4100000| Untracked 
|  66|0x00000000e4200000, 0x00000000e4300000, 0x00000000e4300000|100%| O|  |TAMS 0x00000000e4200000| PB 0x00000000e4200000| Untracked 
|  67|0x00000000e4300000, 0x00000000e4400000, 0x00000000e4400000|100%|HS|  |TAMS 0x00000000e4300000| PB 0x00000000e4300000| Complete 
|  68|0x00000000e4400000, 0x00000000e4500000, 0x00000000e4500000|100%| O|  |TAMS 0x00000000e4400000| PB 0x00000000e4400000| Untracked 
|  69|0x00000000e4500000, 0x00000000e4600000, 0x00000000e4600000|100%| O|  |TAMS 0x00000000e4500000| PB 0x00000000e4500000| Untracked 
|  70|0x00000000e4600000, 0x00000000e4700000, 0x00000000e4700000|100%| O|  |TAMS 0x00000000e4600000| PB 0x00000000e4600000| Untracked 
|  71|0x00000000e4700000, 0x00000000e4800000, 0x00000000e4800000|100%| O|  |TAMS 0x00000000e4700000| PB 0x00000000e4700000| Untracked 
|  72|0x00000000e4800000, 0x00000000e4900000, 0x00000000e4900000|100%|HS|  |TAMS 0x00000000e4800000| PB 0x00000000e4800000| Complete 
|  73|0x00000000e4900000, 0x00000000e4a00000, 0x00000000e4a00000|100%|HC|  |TAMS 0x00000000e4900000| PB 0x00000000e4900000| Complete 
|  74|0x00000000e4a00000, 0x00000000e4b00000, 0x00000000e4b00000|100%|HS|  |TAMS 0x00000000e4a00000| PB 0x00000000e4a00000| Complete 
|  75|0x00000000e4b00000, 0x00000000e4c00000, 0x00000000e4c00000|100%| O|  |TAMS 0x00000000e4b00000| PB 0x00000000e4b00000| Untracked 
|  76|0x00000000e4c00000, 0x00000000e4d00000, 0x00000000e4d00000|100%| O|  |TAMS 0x00000000e4c00000| PB 0x00000000e4c00000| Untracked 
|  77|0x00000000e4d00000, 0x00000000e4e00000, 0x00000000e4e00000|100%| O|  |TAMS 0x00000000e4d00000| PB 0x00000000e4d00000| Untracked 
|  78|0x00000000e4e00000, 0x00000000e4f00000, 0x00000000e4f00000|100%| O|  |TAMS 0x00000000e4e00000| PB 0x00000000e4e00000| Untracked 
|  79|0x00000000e4f00000, 0x00000000e5000000, 0x00000000e5000000|100%| O|  |TAMS 0x00000000e4f00000| PB 0x00000000e4f00000| Untracked 
|  80|0x00000000e5000000, 0x00000000e5100000, 0x00000000e5100000|100%| O|  |TAMS 0x00000000e5000000| PB 0x00000000e5000000| Untracked 
|  81|0x00000000e5100000, 0x00000000e5100000, 0x00000000e5200000|  0%| F|  |TAMS 0x00000000e5100000| PB 0x00000000e5100000| Untracked 
|  82|0x00000000e5200000, 0x00000000e5300000, 0x00000000e5300000|100%| O|  |TAMS 0x00000000e5200000| PB 0x00000000e5200000| Untracked 
|  83|0x00000000e5300000, 0x00000000e5400000, 0x00000000e5400000|100%|HS|  |TAMS 0x00000000e5300000| PB 0x00000000e5300000| Complete 
|  84|0x00000000e5400000, 0x00000000e5500000, 0x00000000e5500000|100%|HC|  |TAMS 0x00000000e5400000| PB 0x00000000e5400000| Complete 
|  85|0x00000000e5500000, 0x00000000e5600000, 0x00000000e5600000|100%|HC|  |TAMS 0x00000000e5500000| PB 0x00000000e5500000| Complete 
|  86|0x00000000e5600000, 0x00000000e5700000, 0x00000000e5700000|100%|HC|  |TAMS 0x00000000e5600000| PB 0x00000000e5600000| Complete 
|  87|0x00000000e5700000, 0x00000000e5800000, 0x00000000e5800000|100%|HC|  |TAMS 0x00000000e5700000| PB 0x00000000e5700000| Complete 
|  88|0x00000000e5800000, 0x00000000e5900000, 0x00000000e5900000|100%|HC|  |TAMS 0x00000000e5800000| PB 0x00000000e5800000| Complete 
|  89|0x00000000e5900000, 0x00000000e5a00000, 0x00000000e5a00000|100%|HS|  |TAMS 0x00000000e5900000| PB 0x00000000e5900000| Complete 
|  90|0x00000000e5a00000, 0x00000000e5b00000, 0x00000000e5b00000|100%|HC|  |TAMS 0x00000000e5a00000| PB 0x00000000e5a00000| Complete 
|  91|0x00000000e5b00000, 0x00000000e5c00000, 0x00000000e5c00000|100%|HC|  |TAMS 0x00000000e5b00000| PB 0x00000000e5b00000| Complete 
|  92|0x00000000e5c00000, 0x00000000e5d00000, 0x00000000e5d00000|100%|HC|  |TAMS 0x00000000e5c00000| PB 0x00000000e5c00000| Complete 
|  93|0x00000000e5d00000, 0x00000000e5e00000, 0x00000000e5e00000|100%|HC|  |TAMS 0x00000000e5d00000| PB 0x00000000e5d00000| Complete 
|  94|0x00000000e5e00000, 0x00000000e5f00000, 0x00000000e5f00000|100%|HC|  |TAMS 0x00000000e5e00000| PB 0x00000000e5e00000| Complete 
|  95|0x00000000e5f00000, 0x00000000e6000000, 0x00000000e6000000|100%| O|Cm|TAMS 0x00000000e5f00000| PB 0x00000000e5f00000| Complete 
|  96|0x00000000e6000000, 0x00000000e6100000, 0x00000000e6100000|100%| O|  |TAMS 0x00000000e6000000| PB 0x00000000e6000000| Untracked 
|  97|0x00000000e6100000, 0x00000000e6200000, 0x00000000e6200000|100%| O|  |TAMS 0x00000000e6100000| PB 0x00000000e6100000| Untracked 
|  98|0x00000000e6200000, 0x00000000e6300000, 0x00000000e6300000|100%| O|  |TAMS 0x00000000e6200000| PB 0x00000000e6200000| Untracked 
|  99|0x00000000e6300000, 0x00000000e6400000, 0x00000000e6400000|100%| O|  |TAMS 0x00000000e6300000| PB 0x00000000e6300000| Untracked 
| 100|0x00000000e6400000, 0x00000000e6500000, 0x00000000e6500000|100%| O|  |TAMS 0x00000000e6400000| PB 0x00000000e6400000| Untracked 
| 101|0x00000000e6500000, 0x00000000e6600000, 0x00000000e6600000|100%| O|  |TAMS 0x00000000e6500000| PB 0x00000000e6500000| Untracked 
| 102|0x00000000e6600000, 0x00000000e6700000, 0x00000000e6700000|100%|HS|  |TAMS 0x00000000e6600000| PB 0x00000000e6600000| Complete 
| 103|0x00000000e6700000, 0x00000000e6700000, 0x00000000e6800000|  0%| F|  |TAMS 0x00000000e6700000| PB 0x00000000e6700000| Untracked 
| 104|0x00000000e6800000, 0x00000000e6800000, 0x00000000e6900000|  0%| F|  |TAMS 0x00000000e6800000| PB 0x00000000e6800000| Untracked 
| 105|0x00000000e6900000, 0x00000000e6900000, 0x00000000e6a00000|  0%| F|  |TAMS 0x00000000e6900000| PB 0x00000000e6900000| Untracked 
| 106|0x00000000e6a00000, 0x00000000e6a00000, 0x00000000e6b00000|  0%| F|  |TAMS 0x00000000e6a00000| PB 0x00000000e6a00000| Untracked 
| 107|0x00000000e6b00000, 0x00000000e6b00000, 0x00000000e6c00000|  0%| F|  |TAMS 0x00000000e6b00000| PB 0x00000000e6b00000| Untracked 
| 108|0x00000000e6c00000, 0x00000000e6d00000, 0x00000000e6d00000|100%| O|  |TAMS 0x00000000e6c00000| PB 0x00000000e6c00000| Untracked 
| 109|0x00000000e6d00000, 0x00000000e6e00000, 0x00000000e6e00000|100%|HS|  |TAMS 0x00000000e6d00000| PB 0x00000000e6d00000| Complete 
| 110|0x00000000e6e00000, 0x00000000e6f00000, 0x00000000e6f00000|100%|HC|  |TAMS 0x00000000e6e00000| PB 0x00000000e6e00000| Complete 
| 111|0x00000000e6f00000, 0x00000000e7000000, 0x00000000e7000000|100%|HC|  |TAMS 0x00000000e6f00000| PB 0x00000000e6f00000| Complete 
| 112|0x00000000e7000000, 0x00000000e7100000, 0x00000000e7100000|100%|HC|  |TAMS 0x00000000e7000000| PB 0x00000000e7000000| Complete 
| 113|0x00000000e7100000, 0x00000000e7200000, 0x00000000e7200000|100%|HC|  |TAMS 0x00000000e7100000| PB 0x00000000e7100000| Complete 
| 114|0x00000000e7200000, 0x00000000e7300000, 0x00000000e7300000|100%|HC|  |TAMS 0x00000000e7200000| PB 0x00000000e7200000| Complete 
| 115|0x00000000e7300000, 0x00000000e7400000, 0x00000000e7400000|100%| O|  |TAMS 0x00000000e7300000| PB 0x00000000e7300000| Untracked 
| 116|0x00000000e7400000, 0x00000000e7500000, 0x00000000e7500000|100%| O|  |TAMS 0x00000000e7400000| PB 0x00000000e7400000| Untracked 
| 117|0x00000000e7500000, 0x00000000e7600000, 0x00000000e7600000|100%| O|  |TAMS 0x00000000e7500000| PB 0x00000000e7500000| Untracked 
| 118|0x00000000e7600000, 0x00000000e7700000, 0x00000000e7700000|100%| O|  |TAMS 0x00000000e7600000| PB 0x00000000e7600000| Untracked 
| 119|0x00000000e7700000, 0x00000000e7800000, 0x00000000e7800000|100%| O|  |TAMS 0x00000000e7700000| PB 0x00000000e7700000| Untracked 
| 120|0x00000000e7800000, 0x00000000e7900000, 0x00000000e7900000|100%| O|  |TAMS 0x00000000e7800000| PB 0x00000000e7800000| Untracked 
| 121|0x00000000e7900000, 0x00000000e7a00000, 0x00000000e7a00000|100%| O|  |TAMS 0x00000000e7900000| PB 0x00000000e7900000| Untracked 
| 122|0x00000000e7a00000, 0x00000000e7b00000, 0x00000000e7b00000|100%| O|  |TAMS 0x00000000e7a00000| PB 0x00000000e7a00000| Untracked 
| 123|0x00000000e7b00000, 0x00000000e7c00000, 0x00000000e7c00000|100%| O|  |TAMS 0x00000000e7b00000| PB 0x00000000e7b00000| Untracked 
| 124|0x00000000e7c00000, 0x00000000e7d00000, 0x00000000e7d00000|100%| O|  |TAMS 0x00000000e7c00000| PB 0x00000000e7c00000| Untracked 
| 125|0x00000000e7d00000, 0x00000000e7e00000, 0x00000000e7e00000|100%| O|  |TAMS 0x00000000e7d00000| PB 0x00000000e7d00000| Untracked 
| 126|0x00000000e7e00000, 0x00000000e7f00000, 0x00000000e7f00000|100%| O|  |TAMS 0x00000000e7e00000| PB 0x00000000e7e00000| Untracked 
| 127|0x00000000e7f00000, 0x00000000e7f91980, 0x00000000e8000000| 56%| O|  |TAMS 0x00000000e7f00000| PB 0x00000000e7f00000| Untracked 
| 128|0x00000000e8000000, 0x00000000e8000000, 0x00000000e8100000|  0%| F|  |TAMS 0x00000000e8000000| PB 0x00000000e8000000| Untracked 
| 129|0x00000000e8100000, 0x00000000e8100000, 0x00000000e8200000|  0%| F|  |TAMS 0x00000000e8100000| PB 0x00000000e8100000| Untracked 
| 130|0x00000000e8200000, 0x00000000e8200000, 0x00000000e8300000|  0%| F|  |TAMS 0x00000000e8200000| PB 0x00000000e8200000| Untracked 
| 131|0x00000000e8300000, 0x00000000e8300000, 0x00000000e8400000|  0%| F|  |TAMS 0x00000000e8300000| PB 0x00000000e8300000| Untracked 
| 132|0x00000000e8400000, 0x00000000e8400000, 0x00000000e8500000|  0%| F|  |TAMS 0x00000000e8400000| PB 0x00000000e8400000| Untracked 
| 133|0x00000000e8500000, 0x00000000e8500000, 0x00000000e8600000|  0%| F|  |TAMS 0x00000000e8500000| PB 0x00000000e8500000| Untracked 
| 134|0x00000000e8600000, 0x00000000e8600000, 0x00000000e8700000|  0%| F|  |TAMS 0x00000000e8600000| PB 0x00000000e8600000| Untracked 
| 135|0x00000000e8700000, 0x00000000e8700000, 0x00000000e8800000|  0%| F|  |TAMS 0x00000000e8700000| PB 0x00000000e8700000| Untracked 
| 136|0x00000000e8800000, 0x00000000e8800000, 0x00000000e8900000|  0%| F|  |TAMS 0x00000000e8800000| PB 0x00000000e8800000| Untracked 
| 137|0x00000000e8900000, 0x00000000e8900000, 0x00000000e8a00000|  0%| F|  |TAMS 0x00000000e8900000| PB 0x00000000e8900000| Untracked 
| 138|0x00000000e8a00000, 0x00000000e8a00000, 0x00000000e8b00000|  0%| F|  |TAMS 0x00000000e8a00000| PB 0x00000000e8a00000| Untracked 
| 139|0x00000000e8b00000, 0x00000000e8b00000, 0x00000000e8c00000|  0%| F|  |TAMS 0x00000000e8b00000| PB 0x00000000e8b00000| Untracked 
| 140|0x00000000e8c00000, 0x00000000e8c00000, 0x00000000e8d00000|  0%| F|  |TAMS 0x00000000e8c00000| PB 0x00000000e8c00000| Untracked 
| 141|0x00000000e8d00000, 0x00000000e8d71040, 0x00000000e8e00000| 44%| S|CS|TAMS 0x00000000e8d00000| PB 0x00000000e8d00000| Complete 
| 142|0x00000000e8e00000, 0x00000000e8f00000, 0x00000000e8f00000|100%| S|CS|TAMS 0x00000000e8e00000| PB 0x00000000e8e00000| Complete 
| 143|0x00000000e8f00000, 0x00000000e9000000, 0x00000000e9000000|100%| S|CS|TAMS 0x00000000e8f00000| PB 0x00000000e8f00000| Complete 
| 144|0x00000000e9000000, 0x00000000e9100000, 0x00000000e9100000|100%| S|CS|TAMS 0x00000000e9000000| PB 0x00000000e9000000| Complete 
| 145|0x00000000e9100000, 0x00000000e9200000, 0x00000000e9200000|100%| S|CS|TAMS 0x00000000e9100000| PB 0x00000000e9100000| Complete 
| 146|0x00000000e9200000, 0x00000000e9300000, 0x00000000e9300000|100%| S|CS|TAMS 0x00000000e9200000| PB 0x00000000e9200000| Complete 
| 147|0x00000000e9300000, 0x00000000e9400000, 0x00000000e9400000|100%| S|CS|TAMS 0x00000000e9300000| PB 0x00000000e9300000| Complete 
| 148|0x00000000e9400000, 0x00000000e9500000, 0x00000000e9500000|100%| S|CS|TAMS 0x00000000e9400000| PB 0x00000000e9400000| Complete 
| 149|0x00000000e9500000, 0x00000000e9600000, 0x00000000e9600000|100%| S|CS|TAMS 0x00000000e9500000| PB 0x00000000e9500000| Complete 
| 150|0x00000000e9600000, 0x00000000e9700000, 0x00000000e9700000|100%| S|CS|TAMS 0x00000000e9600000| PB 0x00000000e9600000| Complete 
| 151|0x00000000e9700000, 0x00000000e9800000, 0x00000000e9800000|100%| S|CS|TAMS 0x00000000e9700000| PB 0x00000000e9700000| Complete 
| 152|0x00000000e9800000, 0x00000000e9900000, 0x00000000e9900000|100%| S|CS|TAMS 0x00000000e9800000| PB 0x00000000e9800000| Complete 
| 153|0x00000000e9900000, 0x00000000e9a00000, 0x00000000e9a00000|100%| S|CS|TAMS 0x00000000e9900000| PB 0x00000000e9900000| Complete 
| 154|0x00000000e9a00000, 0x00000000e9b00000, 0x00000000e9b00000|100%| S|CS|TAMS 0x00000000e9a00000| PB 0x00000000e9a00000| Complete 
| 155|0x00000000e9b00000, 0x00000000e9b00000, 0x00000000e9c00000|  0%| F|  |TAMS 0x00000000e9b00000| PB 0x00000000e9b00000| Untracked 
| 156|0x00000000e9c00000, 0x00000000e9c00000, 0x00000000e9d00000|  0%| F|  |TAMS 0x00000000e9c00000| PB 0x00000000e9c00000| Untracked 
| 157|0x00000000e9d00000, 0x00000000e9d00000, 0x00000000e9e00000|  0%| F|  |TAMS 0x00000000e9d00000| PB 0x00000000e9d00000| Untracked 
| 158|0x00000000e9e00000, 0x00000000e9e00000, 0x00000000e9f00000|  0%| F|  |TAMS 0x00000000e9e00000| PB 0x00000000e9e00000| Untracked 
| 159|0x00000000e9f00000, 0x00000000e9f00000, 0x00000000ea000000|  0%| F|  |TAMS 0x00000000e9f00000| PB 0x00000000e9f00000| Untracked 
| 160|0x00000000ea000000, 0x00000000ea000000, 0x00000000ea100000|  0%| F|  |TAMS 0x00000000ea000000| PB 0x00000000ea000000| Untracked 
| 161|0x00000000ea100000, 0x00000000ea100000, 0x00000000ea200000|  0%| F|  |TAMS 0x00000000ea100000| PB 0x00000000ea100000| Untracked 
| 162|0x00000000ea200000, 0x00000000ea200000, 0x00000000ea300000|  0%| F|  |TAMS 0x00000000ea200000| PB 0x00000000ea200000| Untracked 
| 163|0x00000000ea300000, 0x00000000ea300000, 0x00000000ea400000|  0%| F|  |TAMS 0x00000000ea300000| PB 0x00000000ea300000| Untracked 
| 164|0x00000000ea400000, 0x00000000ea400000, 0x00000000ea500000|  0%| F|  |TAMS 0x00000000ea400000| PB 0x00000000ea400000| Untracked 
| 165|0x00000000ea500000, 0x00000000ea500000, 0x00000000ea600000|  0%| F|  |TAMS 0x00000000ea500000| PB 0x00000000ea500000| Untracked 
| 166|0x00000000ea600000, 0x00000000ea600000, 0x00000000ea700000|  0%| F|  |TAMS 0x00000000ea600000| PB 0x00000000ea600000| Untracked 
| 167|0x00000000ea700000, 0x00000000ea700000, 0x00000000ea800000|  0%| F|  |TAMS 0x00000000ea700000| PB 0x00000000ea700000| Untracked 
| 168|0x00000000ea800000, 0x00000000ea8a2ec0, 0x00000000ea900000| 63%| E|  |TAMS 0x00000000ea800000| PB 0x00000000ea800000| Complete 
| 169|0x00000000ea900000, 0x00000000eaa00000, 0x00000000eaa00000|100%| E|  |TAMS 0x00000000ea900000| PB 0x00000000ea900000| Complete 
| 170|0x00000000eaa00000, 0x00000000eab00000, 0x00000000eab00000|100%| E|CS|TAMS 0x00000000eaa00000| PB 0x00000000eaa00000| Complete 
| 171|0x00000000eab00000, 0x00000000eac00000, 0x00000000eac00000|100%| E|CS|TAMS 0x00000000eab00000| PB 0x00000000eab00000| Complete 
| 172|0x00000000eac00000, 0x00000000ead00000, 0x00000000ead00000|100%| E|CS|TAMS 0x00000000eac00000| PB 0x00000000eac00000| Complete 
| 173|0x00000000ead00000, 0x00000000eae00000, 0x00000000eae00000|100%| E|CS|TAMS 0x00000000ead00000| PB 0x00000000ead00000| Complete 
| 174|0x00000000eae00000, 0x00000000eaf00000, 0x00000000eaf00000|100%| E|CS|TAMS 0x00000000eae00000| PB 0x00000000eae00000| Complete 
| 175|0x00000000eaf00000, 0x00000000eb000000, 0x00000000eb000000|100%| E|CS|TAMS 0x00000000eaf00000| PB 0x00000000eaf00000| Complete 
| 176|0x00000000eb000000, 0x00000000eb100000, 0x00000000eb100000|100%| E|CS|TAMS 0x00000000eb000000| PB 0x00000000eb000000| Complete 
| 177|0x00000000eb100000, 0x00000000eb200000, 0x00000000eb200000|100%| E|CS|TAMS 0x00000000eb100000| PB 0x00000000eb100000| Complete 
| 178|0x00000000eb200000, 0x00000000eb300000, 0x00000000eb300000|100%| E|CS|TAMS 0x00000000eb200000| PB 0x00000000eb200000| Complete 
| 179|0x00000000eb300000, 0x00000000eb400000, 0x00000000eb400000|100%| E|CS|TAMS 0x00000000eb300000| PB 0x00000000eb300000| Complete 
| 180|0x00000000eb400000, 0x00000000eb500000, 0x00000000eb500000|100%| E|CS|TAMS 0x00000000eb400000| PB 0x00000000eb400000| Complete 
| 181|0x00000000eb500000, 0x00000000eb600000, 0x00000000eb600000|100%| E|CS|TAMS 0x00000000eb500000| PB 0x00000000eb500000| Complete 
| 182|0x00000000eb600000, 0x00000000eb700000, 0x00000000eb700000|100%| E|CS|TAMS 0x00000000eb600000| PB 0x00000000eb600000| Complete 
| 183|0x00000000eb700000, 0x00000000eb800000, 0x00000000eb800000|100%| E|CS|TAMS 0x00000000eb700000| PB 0x00000000eb700000| Complete 
| 184|0x00000000eb800000, 0x00000000eb900000, 0x00000000eb900000|100%| E|CS|TAMS 0x00000000eb800000| PB 0x00000000eb800000| Complete 
| 185|0x00000000eb900000, 0x00000000eba00000, 0x00000000eba00000|100%| E|CS|TAMS 0x00000000eb900000| PB 0x00000000eb900000| Complete 
| 186|0x00000000eba00000, 0x00000000ebb00000, 0x00000000ebb00000|100%| E|CS|TAMS 0x00000000eba00000| PB 0x00000000eba00000| Complete 
| 187|0x00000000ebb00000, 0x00000000ebc00000, 0x00000000ebc00000|100%| E|CS|TAMS 0x00000000ebb00000| PB 0x00000000ebb00000| Complete 
| 188|0x00000000ebc00000, 0x00000000ebd00000, 0x00000000ebd00000|100%| E|CS|TAMS 0x00000000ebc00000| PB 0x00000000ebc00000| Complete 
| 189|0x00000000ebd00000, 0x00000000ebe00000, 0x00000000ebe00000|100%| E|CS|TAMS 0x00000000ebd00000| PB 0x00000000ebd00000| Complete 
| 190|0x00000000ebe00000, 0x00000000ebf00000, 0x00000000ebf00000|100%| E|CS|TAMS 0x00000000ebe00000| PB 0x00000000ebe00000| Complete 
| 191|0x00000000ebf00000, 0x00000000ec000000, 0x00000000ec000000|100%| E|CS|TAMS 0x00000000ebf00000| PB 0x00000000ebf00000| Complete 
| 192|0x00000000ec000000, 0x00000000ec100000, 0x00000000ec100000|100%| E|CS|TAMS 0x00000000ec000000| PB 0x00000000ec000000| Complete 
| 193|0x00000000ec100000, 0x00000000ec200000, 0x00000000ec200000|100%| E|CS|TAMS 0x00000000ec100000| PB 0x00000000ec100000| Complete 
| 194|0x00000000ec200000, 0x00000000ec300000, 0x00000000ec300000|100%| E|CS|TAMS 0x00000000ec200000| PB 0x00000000ec200000| Complete 
| 195|0x00000000ec300000, 0x00000000ec400000, 0x00000000ec400000|100%| E|CS|TAMS 0x00000000ec300000| PB 0x00000000ec300000| Complete 
| 196|0x00000000ec400000, 0x00000000ec500000, 0x00000000ec500000|100%| E|CS|TAMS 0x00000000ec400000| PB 0x00000000ec400000| Complete 
| 197|0x00000000ec500000, 0x00000000ec600000, 0x00000000ec600000|100%| E|CS|TAMS 0x00000000ec500000| PB 0x00000000ec500000| Complete 
| 198|0x00000000ec600000, 0x00000000ec700000, 0x00000000ec700000|100%| E|CS|TAMS 0x00000000ec600000| PB 0x00000000ec600000| Complete 
| 199|0x00000000ec700000, 0x00000000ec800000, 0x00000000ec800000|100%| E|CS|TAMS 0x00000000ec700000| PB 0x00000000ec700000| Complete 
| 200|0x00000000ec800000, 0x00000000ec900000, 0x00000000ec900000|100%| E|CS|TAMS 0x00000000ec800000| PB 0x00000000ec800000| Complete 
| 201|0x00000000ec900000, 0x00000000eca00000, 0x00000000eca00000|100%| E|CS|TAMS 0x00000000ec900000| PB 0x00000000ec900000| Complete 
| 202|0x00000000eca00000, 0x00000000ecb00000, 0x00000000ecb00000|100%| E|CS|TAMS 0x00000000eca00000| PB 0x00000000eca00000| Complete 
| 203|0x00000000ecb00000, 0x00000000ecc00000, 0x00000000ecc00000|100%| E|CS|TAMS 0x00000000ecb00000| PB 0x00000000ecb00000| Complete 
| 204|0x00000000ecc00000, 0x00000000ecd00000, 0x00000000ecd00000|100%| E|CS|TAMS 0x00000000ecc00000| PB 0x00000000ecc00000| Complete 
| 205|0x00000000ecd00000, 0x00000000ece00000, 0x00000000ece00000|100%| E|CS|TAMS 0x00000000ecd00000| PB 0x00000000ecd00000| Complete 
| 206|0x00000000ece00000, 0x00000000ecf00000, 0x00000000ecf00000|100%| E|CS|TAMS 0x00000000ece00000| PB 0x00000000ece00000| Complete 
| 207|0x00000000ecf00000, 0x00000000ed000000, 0x00000000ed000000|100%| E|CS|TAMS 0x00000000ecf00000| PB 0x00000000ecf00000| Complete 
| 208|0x00000000ed000000, 0x00000000ed100000, 0x00000000ed100000|100%| E|CS|TAMS 0x00000000ed000000| PB 0x00000000ed000000| Complete 
| 209|0x00000000ed100000, 0x00000000ed200000, 0x00000000ed200000|100%| E|CS|TAMS 0x00000000ed100000| PB 0x00000000ed100000| Complete 
| 210|0x00000000ed200000, 0x00000000ed300000, 0x00000000ed300000|100%| E|CS|TAMS 0x00000000ed200000| PB 0x00000000ed200000| Complete 
| 211|0x00000000ed300000, 0x00000000ed400000, 0x00000000ed400000|100%| E|CS|TAMS 0x00000000ed300000| PB 0x00000000ed300000| Complete 
| 212|0x00000000ed400000, 0x00000000ed500000, 0x00000000ed500000|100%| E|CS|TAMS 0x00000000ed400000| PB 0x00000000ed400000| Complete 
| 213|0x00000000ed500000, 0x00000000ed600000, 0x00000000ed600000|100%| E|CS|TAMS 0x00000000ed500000| PB 0x00000000ed500000| Complete 
| 214|0x00000000ed600000, 0x00000000ed700000, 0x00000000ed700000|100%| E|CS|TAMS 0x00000000ed600000| PB 0x00000000ed600000| Complete 
| 215|0x00000000ed700000, 0x00000000ed800000, 0x00000000ed800000|100%| E|CS|TAMS 0x00000000ed700000| PB 0x00000000ed700000| Complete 
| 216|0x00000000ed800000, 0x00000000ed900000, 0x00000000ed900000|100%| E|CS|TAMS 0x00000000ed800000| PB 0x00000000ed800000| Complete 
| 217|0x00000000ed900000, 0x00000000eda00000, 0x00000000eda00000|100%| E|CS|TAMS 0x00000000ed900000| PB 0x00000000ed900000| Complete 
| 218|0x00000000eda00000, 0x00000000edb00000, 0x00000000edb00000|100%| E|CS|TAMS 0x00000000eda00000| PB 0x00000000eda00000| Complete 
| 219|0x00000000edb00000, 0x00000000edc00000, 0x00000000edc00000|100%| E|CS|TAMS 0x00000000edb00000| PB 0x00000000edb00000| Complete 
| 220|0x00000000edc00000, 0x00000000edd00000, 0x00000000edd00000|100%| E|CS|TAMS 0x00000000edc00000| PB 0x00000000edc00000| Complete 
| 221|0x00000000edd00000, 0x00000000ede00000, 0x00000000ede00000|100%| E|CS|TAMS 0x00000000edd00000| PB 0x00000000edd00000| Complete 
| 222|0x00000000ede00000, 0x00000000edf00000, 0x00000000edf00000|100%| E|CS|TAMS 0x00000000ede00000| PB 0x00000000ede00000| Complete 
| 223|0x00000000edf00000, 0x00000000ee000000, 0x00000000ee000000|100%| E|CS|TAMS 0x00000000edf00000| PB 0x00000000edf00000| Complete 
| 224|0x00000000ee000000, 0x00000000ee100000, 0x00000000ee100000|100%| E|CS|TAMS 0x00000000ee000000| PB 0x00000000ee000000| Complete 
| 225|0x00000000ee100000, 0x00000000ee200000, 0x00000000ee200000|100%| E|CS|TAMS 0x00000000ee100000| PB 0x00000000ee100000| Complete 
| 226|0x00000000ee200000, 0x00000000ee300000, 0x00000000ee300000|100%| E|CS|TAMS 0x00000000ee200000| PB 0x00000000ee200000| Complete 
| 227|0x00000000ee300000, 0x00000000ee400000, 0x00000000ee400000|100%| E|CS|TAMS 0x00000000ee300000| PB 0x00000000ee300000| Complete 
| 228|0x00000000ee400000, 0x00000000ee500000, 0x00000000ee500000|100%| E|CS|TAMS 0x00000000ee400000| PB 0x00000000ee400000| Complete 
| 229|0x00000000ee500000, 0x00000000ee600000, 0x00000000ee600000|100%| E|CS|TAMS 0x00000000ee500000| PB 0x00000000ee500000| Complete 
| 230|0x00000000ee600000, 0x00000000ee700000, 0x00000000ee700000|100%| E|CS|TAMS 0x00000000ee600000| PB 0x00000000ee600000| Complete 
| 231|0x00000000ee700000, 0x00000000ee800000, 0x00000000ee800000|100%| E|CS|TAMS 0x00000000ee700000| PB 0x00000000ee700000| Complete 
| 232|0x00000000ee800000, 0x00000000ee900000, 0x00000000ee900000|100%| E|CS|TAMS 0x00000000ee800000| PB 0x00000000ee800000| Complete 
| 233|0x00000000ee900000, 0x00000000eea00000, 0x00000000eea00000|100%| E|CS|TAMS 0x00000000ee900000| PB 0x00000000ee900000| Complete 
| 234|0x00000000eea00000, 0x00000000eeb00000, 0x00000000eeb00000|100%| E|CS|TAMS 0x00000000eea00000| PB 0x00000000eea00000| Complete 
| 235|0x00000000eeb00000, 0x00000000eec00000, 0x00000000eec00000|100%| E|CS|TAMS 0x00000000eeb00000| PB 0x00000000eeb00000| Complete 
| 236|0x00000000eec00000, 0x00000000eed00000, 0x00000000eed00000|100%| E|CS|TAMS 0x00000000eec00000| PB 0x00000000eec00000| Complete 
| 237|0x00000000eed00000, 0x00000000eee00000, 0x00000000eee00000|100%| E|CS|TAMS 0x00000000eed00000| PB 0x00000000eed00000| Complete 
| 238|0x00000000eee00000, 0x00000000eef00000, 0x00000000eef00000|100%| E|CS|TAMS 0x00000000eee00000| PB 0x00000000eee00000| Complete 
| 239|0x00000000eef00000, 0x00000000ef000000, 0x00000000ef000000|100%| E|CS|TAMS 0x00000000eef00000| PB 0x00000000eef00000| Complete 
| 240|0x00000000ef000000, 0x00000000ef100000, 0x00000000ef100000|100%| E|CS|TAMS 0x00000000ef000000| PB 0x00000000ef000000| Complete 
| 241|0x00000000ef100000, 0x00000000ef200000, 0x00000000ef200000|100%| E|CS|TAMS 0x00000000ef100000| PB 0x00000000ef100000| Complete 
| 242|0x00000000ef200000, 0x00000000ef300000, 0x00000000ef300000|100%| E|CS|TAMS 0x00000000ef200000| PB 0x00000000ef200000| Complete 
| 243|0x00000000ef300000, 0x00000000ef400000, 0x00000000ef400000|100%| E|CS|TAMS 0x00000000ef300000| PB 0x00000000ef300000| Complete 
| 244|0x00000000ef400000, 0x00000000ef500000, 0x00000000ef500000|100%| E|CS|TAMS 0x00000000ef400000| PB 0x00000000ef400000| Complete 
| 245|0x00000000ef500000, 0x00000000ef600000, 0x00000000ef600000|100%| E|CS|TAMS 0x00000000ef500000| PB 0x00000000ef500000| Complete 
| 246|0x00000000ef600000, 0x00000000ef700000, 0x00000000ef700000|100%| E|CS|TAMS 0x00000000ef600000| PB 0x00000000ef600000| Complete 
| 247|0x00000000ef700000, 0x00000000ef800000, 0x00000000ef800000|100%| E|CS|TAMS 0x00000000ef700000| PB 0x00000000ef700000| Complete 
| 248|0x00000000ef800000, 0x00000000ef900000, 0x00000000ef900000|100%| E|CS|TAMS 0x00000000ef800000| PB 0x00000000ef800000| Complete 
| 249|0x00000000ef900000, 0x00000000efa00000, 0x00000000efa00000|100%| E|CS|TAMS 0x00000000ef900000| PB 0x00000000ef900000| Complete 
| 250|0x00000000efa00000, 0x00000000efb00000, 0x00000000efb00000|100%| E|CS|TAMS 0x00000000efa00000| PB 0x00000000efa00000| Complete 
| 251|0x00000000efb00000, 0x00000000efc00000, 0x00000000efc00000|100%| E|CS|TAMS 0x00000000efb00000| PB 0x00000000efb00000| Complete 
| 252|0x00000000efc00000, 0x00000000efd00000, 0x00000000efd00000|100%| E|CS|TAMS 0x00000000efc00000| PB 0x00000000efc00000| Complete 
| 253|0x00000000efd00000, 0x00000000efe00000, 0x00000000efe00000|100%| E|CS|TAMS 0x00000000efd00000| PB 0x00000000efd00000| Complete 
| 254|0x00000000efe00000, 0x00000000eff00000, 0x00000000eff00000|100%| E|CS|TAMS 0x00000000efe00000| PB 0x00000000efe00000| Complete 
| 255|0x00000000eff00000, 0x00000000f0000000, 0x00000000f0000000|100%| E|CS|TAMS 0x00000000eff00000| PB 0x00000000eff00000| Complete 
| 256|0x00000000f0000000, 0x00000000f0100000, 0x00000000f0100000|100%| E|CS|TAMS 0x00000000f0000000| PB 0x00000000f0000000| Complete 
| 257|0x00000000f0100000, 0x00000000f0200000, 0x00000000f0200000|100%| E|CS|TAMS 0x00000000f0100000| PB 0x00000000f0100000| Complete 
| 258|0x00000000f0200000, 0x00000000f0300000, 0x00000000f0300000|100%| E|CS|TAMS 0x00000000f0200000| PB 0x00000000f0200000| Complete 
| 259|0x00000000f0300000, 0x00000000f0400000, 0x00000000f0400000|100%| E|CS|TAMS 0x00000000f0300000| PB 0x00000000f0300000| Complete 
| 260|0x00000000f0400000, 0x00000000f0500000, 0x00000000f0500000|100%| E|CS|TAMS 0x00000000f0400000| PB 0x00000000f0400000| Complete 
| 261|0x00000000f0500000, 0x00000000f0600000, 0x00000000f0600000|100%| E|CS|TAMS 0x00000000f0500000| PB 0x00000000f0500000| Complete 
| 262|0x00000000f0600000, 0x00000000f0700000, 0x00000000f0700000|100%| E|CS|TAMS 0x00000000f0600000| PB 0x00000000f0600000| Complete 
| 263|0x00000000f0700000, 0x00000000f0800000, 0x00000000f0800000|100%| E|CS|TAMS 0x00000000f0700000| PB 0x00000000f0700000| Complete 
| 264|0x00000000f0800000, 0x00000000f0900000, 0x00000000f0900000|100%| E|CS|TAMS 0x00000000f0800000| PB 0x00000000f0800000| Complete 
| 265|0x00000000f0900000, 0x00000000f0a00000, 0x00000000f0a00000|100%| E|CS|TAMS 0x00000000f0900000| PB 0x00000000f0900000| Complete 
| 266|0x00000000f0a00000, 0x00000000f0b00000, 0x00000000f0b00000|100%| E|CS|TAMS 0x00000000f0a00000| PB 0x00000000f0a00000| Complete 
| 267|0x00000000f0b00000, 0x00000000f0c00000, 0x00000000f0c00000|100%| E|CS|TAMS 0x00000000f0b00000| PB 0x00000000f0b00000| Complete 
| 268|0x00000000f0c00000, 0x00000000f0d00000, 0x00000000f0d00000|100%| E|CS|TAMS 0x00000000f0c00000| PB 0x00000000f0c00000| Complete 
| 269|0x00000000f0d00000, 0x00000000f0e00000, 0x00000000f0e00000|100%| E|CS|TAMS 0x00000000f0d00000| PB 0x00000000f0d00000| Complete 
| 511|0x00000000fff00000, 0x0000000100000000, 0x0000000100000000|100%| O|  |TAMS 0x00000000fff00000| PB 0x00000000fff00000| Untracked 

Card table byte_map: [0x0000029066860000,0x0000029066960000] _byte_map_base: 0x0000029066160000

Marking Bits: (CMBitMap*) 0x00000290542f5220
 Bits: [0x0000029066960000, 0x0000029067160000)

Polling page: 0x0000029051ef0000

Metaspace:

Usage:
  Non-class:    117.53 MB used.
      Class:     17.48 MB used.
       Both:    135.02 MB used.

Virtual space:
  Non-class space:      128.00 MB reserved,     118.56 MB ( 93%) committed,  2 nodes.
      Class space:      320.00 MB reserved,      18.50 MB (  6%) committed,  1 nodes.
             Both:      448.00 MB reserved,     137.06 MB ( 31%) committed. 

Chunk freelists:
   Non-Class:  8.53 MB
       Class:  13.52 MB
        Both:  22.05 MB

MaxMetaspaceSize: 384.00 MB
CompressedClassSpaceSize: 320.00 MB
Initial GC threshold: 21.00 MB
Current GC threshold: 207.00 MB
CDS: off
 - commit_granule_bytes: 65536.
 - commit_granule_words: 8192.
 - virtual_space_node_default_size: 8388608.
 - enlarge_chunks_in_place: 1.
 - use_allocation_guard: 0.


Internal statistics:

num_allocs_failed_limit: 18.
num_arena_births: 3924.
num_arena_deaths: 10.
num_vsnodes_births: 3.
num_vsnodes_deaths: 0.
num_space_committed: 2191.
num_space_uncommitted: 0.
num_chunks_returned_to_freelist: 38.
num_chunks_taken_from_freelist: 9069.
num_chunk_merges: 16.
num_chunk_splits: 6502.
num_chunks_enlarged: 4670.
num_inconsistent_stats: 0.

CodeHeap 'non-profiled nmethods': size=120000Kb used=9014Kb max_used=9014Kb free=110985Kb
 bounds [0x000002905eef0000, 0x000002905f7c0000, 0x0000029066420000]
CodeHeap 'profiled nmethods': size=120000Kb used=21183Kb max_used=21183Kb free=98816Kb
 bounds [0x0000029057420000, 0x00000290588d0000, 0x000002905e950000]
CodeHeap 'non-nmethods': size=5760Kb used=3065Kb max_used=3107Kb free=2694Kb
 bounds [0x000002905e950000, 0x000002905ec60000, 0x000002905eef0000]
 total_blobs=12515 nmethods=11382 adapters=1035
 compilation: enabled
              stopped_count=0, restarted_count=0
 full_count=0

Compilation events (20 events):
Event: 217.500 Thread 0x000002906e0e7360 nmethod 14361 0x00000290588c8310 code [0x00000290588c8620, 0x00000290588c9628]
Event: 217.524 Thread 0x000002906e0e0360 14362   !   4       java.net.URLClassLoader::findClass (47 bytes)
Event: 218.037 Thread 0x000002906e0e7360 14366       3       java.util.ImmutableCollections$AbstractImmutableList::iterator (13 bytes)
Event: 218.038 Thread 0x000002906e0e7360 nmethod 14366 0x00000290588c9c10 code [0x00000290588c9de0, 0x00000290588ca140]
Event: 218.038 Thread 0x000002906e0e7360 14367       3       java.util.ImmutableCollections$ListItr::<init> (25 bytes)
Event: 218.038 Thread 0x000002906e0e7360 nmethod 14367 0x00000290588ca290 code [0x00000290588ca440, 0x00000290588ca618]
Event: 218.224 Thread 0x000002906e0e7360 14369       3       java.io.DataInputStream::readChar (19 bytes)
Event: 218.226 Thread 0x000002906e0e7360 nmethod 14369 0x00000290588ca710 code [0x00000290588ca920, 0x00000290588caf88]
Event: 218.226 Thread 0x000002906e0e7360 14372       3       jdk.internal.util.ByteArray::getChar (9 bytes)
Event: 218.228 Thread 0x000002906e0e7360 nmethod 14372 0x00000290588cb210 code [0x00000290588cb400, 0x00000290588cb938]
Event: 218.228 Thread 0x000002906e0e7360 14370       3       jdk.internal.misc.Unsafe::getCharUnaligned (34 bytes)
Event: 218.228 Thread 0x000002906e0e7360 nmethod 14370 0x00000290588cbb90 code [0x00000290588cbd60, 0x00000290588cc108]
Event: 218.228 Thread 0x000002906e0e7360 14371       3       jdk.internal.misc.Unsafe::convEndian (16 bytes)
Event: 218.229 Thread 0x000002906e0e7360 nmethod 14371 0x00000290588cc290 code [0x00000290588cc440, 0x00000290588cc5f0]
Event: 218.229 Thread 0x000002906e0e7360 14373       3       java.lang.invoke.VarHandleByteArrayAsChars$ArrayHandle::get (36 bytes)
Event: 218.229 Thread 0x000002906e0e7360 nmethod 14373 0x00000290588cc690 code [0x00000290588cc860, 0x00000290588ccc18]
Event: 218.230 Thread 0x000002906e0e7360 14374       3       java.lang.invoke.VarHandleByteArrayAsChars$ArrayHandle::index (12 bytes)
Event: 218.230 Thread 0x000002906e0e7360 nmethod 14374 0x00000290588cce10 code [0x00000290588ccfc0, 0x00000290588cd108]
Event: 218.230 Thread 0x000002906e0e7360 14375       3       jdk.internal.misc.Unsafe::getCharUnaligned (12 bytes)
Event: 218.230 Thread 0x000002906e0e7360 nmethod 14375 0x00000290588cd210 code [0x00000290588cd3c0, 0x00000290588cd5f8]

GC Heap History (20 events):
Event: 162.735 GC heap before
{Heap before GC invocations=117 (full 0):
 garbage-first heap   total 262144K, used 242363K [0x00000000e0000000, 0x0000000100000000)
  region size 1024K, 131 young (134144K), 4 survivors (4096K)
 Metaspace       used 64800K, committed 66240K, reserved 393216K
  class space    used 8657K, committed 9344K, reserved 327680K
}
Event: 162.740 GC heap after
{Heap after GC invocations=118 (full 0):
 garbage-first heap   total 262144K, used 113374K [0x00000000e0000000, 0x0000000100000000)
  region size 1024K, 5 young (5120K), 5 survivors (5120K)
 Metaspace       used 64800K, committed 66240K, reserved 393216K
  class space    used 8657K, committed 9344K, reserved 327680K
}
Event: 164.924 GC heap before
{Heap before GC invocations=119 (full 0):
 garbage-first heap   total 262144K, used 248542K [0x00000000e0000000, 0x0000000100000000)
  region size 1024K, 130 young (133120K), 5 survivors (5120K)
 Metaspace       used 67356K, committed 68800K, reserved 393216K
  class space    used 8916K, committed 9600K, reserved 327680K
}
Event: 164.929 GC heap after
{Heap after GC invocations=120 (full 0):
 garbage-first heap   total 262144K, used 110996K [0x00000000e0000000, 0x0000000100000000)
  region size 1024K, 3 young (3072K), 3 survivors (3072K)
 Metaspace       used 67356K, committed 68800K, reserved 393216K
  class space    used 8916K, committed 9600K, reserved 327680K
}
Event: 166.477 GC heap before
{Heap before GC invocations=120 (full 0):
 garbage-first heap   total 262144K, used 243092K [0x00000000e0000000, 0x0000000100000000)
  region size 1024K, 132 young (135168K), 3 survivors (3072K)
 Metaspace       used 67361K, committed 68800K, reserved 393216K
  class space    used 8916K, committed 9600K, reserved 327680K
}
Event: 166.482 GC heap after
{Heap after GC invocations=121 (full 0):
 garbage-first heap   total 262144K, used 110807K [0x00000000e0000000, 0x0000000100000000)
  region size 1024K, 4 young (4096K), 4 survivors (4096K)
 Metaspace       used 67361K, committed 68800K, reserved 393216K
  class space    used 8916K, committed 9600K, reserved 327680K
}
Event: 167.205 GC heap before
{Heap before GC invocations=121 (full 0):
 garbage-first heap   total 262144K, used 242903K [0x00000000e0000000, 0x0000000100000000)
  region size 1024K, 133 young (136192K), 4 survivors (4096K)
 Metaspace       used 67362K, committed 68800K, reserved 393216K
  class space    used 8916K, committed 9600K, reserved 327680K
}
Event: 167.210 GC heap after
{Heap after GC invocations=122 (full 0):
 garbage-first heap   total 262144K, used 113113K [0x00000000e0000000, 0x0000000100000000)
  region size 1024K, 7 young (7168K), 7 survivors (7168K)
 Metaspace       used 67362K, committed 68800K, reserved 393216K
  class space    used 8916K, committed 9600K, reserved 327680K
}
Event: 168.031 GC heap before
{Heap before GC invocations=123 (full 0):
 garbage-first heap   total 262144K, used 239065K [0x00000000e0000000, 0x0000000100000000)
  region size 1024K, 130 young (133120K), 7 survivors (7168K)
 Metaspace       used 67362K, committed 68800K, reserved 393216K
  class space    used 8916K, committed 9600K, reserved 327680K
}
Event: 168.040 GC heap after
{Heap after GC invocations=124 (full 0):
 garbage-first heap   total 262144K, used 114940K [0x00000000e0000000, 0x0000000100000000)
  region size 1024K, 8 young (8192K), 8 survivors (8192K)
 Metaspace       used 67362K, committed 68800K, reserved 393216K
  class space    used 8916K, committed 9600K, reserved 327680K
}
Event: 172.593 GC heap before
{Heap before GC invocations=124 (full 0):
 garbage-first heap   total 262144K, used 238844K [0x00000000e0000000, 0x0000000100000000)
  region size 1024K, 129 young (132096K), 8 survivors (8192K)
 Metaspace       used 77034K, committed 78464K, reserved 458752K
  class space    used 10631K, committed 11328K, reserved 327680K
}
Event: 172.599 GC heap after
{Heap after GC invocations=125 (full 0):
 garbage-first heap   total 262144K, used 101375K [0x00000000e0000000, 0x0000000100000000)
  region size 1024K, 3 young (3072K), 3 survivors (3072K)
 Metaspace       used 77034K, committed 78464K, reserved 458752K
  class space    used 10631K, committed 11328K, reserved 327680K
}
Event: 175.266 GC heap before
{Heap before GC invocations=125 (full 0):
 garbage-first heap   total 262144K, used 148479K [0x00000000e0000000, 0x0000000100000000)
  region size 1024K, 50 young (51200K), 3 survivors (3072K)
 Metaspace       used 85196K, committed 86656K, reserved 458752K
  class space    used 11655K, committed 12352K, reserved 327680K
}
Event: 175.275 GC heap after
{Heap after GC invocations=126 (full 0):
 garbage-first heap   total 262144K, used 102260K [0x00000000e0000000, 0x0000000100000000)
  region size 1024K, 4 young (4096K), 4 survivors (4096K)
 Metaspace       used 85196K, committed 86656K, reserved 458752K
  class space    used 11655K, committed 12352K, reserved 327680K
}
Event: 184.288 GC heap before
{Heap before GC invocations=127 (full 0):
 garbage-first heap   total 262144K, used 256884K [0x00000000e0000000, 0x0000000100000000)
  region size 1024K, 141 young (144384K), 4 survivors (4096K)
 Metaspace       used 98347K, committed 100160K, reserved 458752K
  class space    used 13119K, committed 14016K, reserved 327680K
}
Event: 184.322 GC heap after
{Heap after GC invocations=128 (full 0):
 garbage-first heap   total 277504K, used 125607K [0x00000000e0000000, 0x0000000100000000)
  region size 1024K, 18 young (18432K), 18 survivors (18432K)
 Metaspace       used 98347K, committed 100160K, reserved 458752K
  class space    used 13119K, committed 14016K, reserved 327680K
}
Event: 192.741 GC heap before
{Heap before GC invocations=128 (full 0):
 garbage-first heap   total 277504K, used 244391K [0x00000000e0000000, 0x0000000100000000)
  region size 1024K, 133 young (136192K), 18 survivors (18432K)
 Metaspace       used 108293K, committed 110144K, reserved 458752K
  class space    used 14292K, committed 15168K, reserved 327680K
}
Event: 192.783 GC heap after
{Heap after GC invocations=129 (full 0):
 garbage-first heap   total 277504K, used 134382K [0x00000000e0000000, 0x0000000100000000)
  region size 1024K, 9 young (9216K), 9 survivors (9216K)
 Metaspace       used 108293K, committed 110144K, reserved 458752K
  class space    used 14292K, committed 15168K, reserved 327680K
}
Event: 205.419 GC heap before
{Heap before GC invocations=129 (full 0):
 garbage-first heap   total 277504K, used 251118K [0x00000000e0000000, 0x0000000100000000)
  region size 1024K, 124 young (126976K), 9 survivors (9216K)
 Metaspace       used 124724K, committed 126528K, reserved 458752K
  class space    used 16043K, committed 16896K, reserved 327680K
}
Event: 205.439 GC heap after
{Heap after GC invocations=130 (full 0):
 garbage-first heap   total 277504K, used 139274K [0x00000000e0000000, 0x0000000100000000)
  region size 1024K, 14 young (14336K), 14 survivors (14336K)
 Metaspace       used 124724K, committed 126528K, reserved 458752K
  class space    used 16043K, committed 16896K, reserved 327680K
}

Dll operation events (3 events):
Event: 0.042 Loaded shared library C:\Program Files\Android\Android Studio\jbr\bin\java.dll
Event: 0.070 Loaded shared library C:\Program Files\Android\Android Studio\jbr\bin\zip.dll
Event: 1.687 Loaded shared library C:\Program Files\Android\Android Studio\jbr\bin\verify.dll

Deoptimization events (20 events):
Event: 217.088 Thread 0x000002906fab33c0 Uncommon trap: trap_request=0xffffff45 fr.pc=0x000002905f4778b8 relative=0x0000000000000218
Event: 217.088 Thread 0x000002906fab33c0 Uncommon trap: reason=unstable_if action=reinterpret pc=0x000002905f4778b8 method=java.lang.String.indexOf(Ljava/lang/String;)I @ 10 c2
Event: 217.088 Thread 0x000002906fab33c0 DEOPT PACKING pc=0x000002905f4778b8 sp=0x000000ddce2f4b40
Event: 217.088 Thread 0x000002906fab33c0 DEOPT UNPACKING pc=0x000002905e9a46a2 sp=0x000000ddce2f4a78 mode 2
Event: 217.088 Thread 0x000002906fab33c0 Uncommon trap: trap_request=0xffffff45 fr.pc=0x000002905f369f04 relative=0x00000000000001e4
Event: 217.088 Thread 0x000002906fab33c0 Uncommon trap: reason=unstable_if action=reinterpret pc=0x000002905f369f04 method=java.lang.String.indexOf(Ljava/lang/String;)I @ 10 c2
Event: 217.088 Thread 0x000002906fab33c0 DEOPT PACKING pc=0x000002905f369f04 sp=0x000000ddce2f4ae0
Event: 217.088 Thread 0x000002906fab33c0 DEOPT UNPACKING pc=0x000002905e9a46a2 sp=0x000000ddce2f4a80 mode 2
Event: 217.117 Thread 0x000002906fab33c0 Uncommon trap: trap_request=0xffffff45 fr.pc=0x000002905f0dea94 relative=0x0000000000000ef4
Event: 217.117 Thread 0x000002906fab33c0 Uncommon trap: reason=unstable_if action=reinterpret pc=0x000002905f0dea94 method=java.util.concurrent.ConcurrentHashMap.putVal(Ljava/lang/Object;Ljava/lang/Object;Z)Ljava/lang/Object; @ 401 c2
Event: 217.117 Thread 0x000002906fab33c0 DEOPT PACKING pc=0x000002905f0dea94 sp=0x000000ddce2f4a90
Event: 217.117 Thread 0x000002906fab33c0 DEOPT UNPACKING pc=0x000002905e9a46a2 sp=0x000000ddce2f4a30 mode 2
Event: 217.137 Thread 0x000002906fab33c0 Uncommon trap: trap_request=0xffffff45 fr.pc=0x000002905efc1888 relative=0x0000000000001548
Event: 217.137 Thread 0x000002906fab33c0 Uncommon trap: reason=unstable_if action=reinterpret pc=0x000002905efc1888 method=java.util.concurrent.ConcurrentHashMap.transfer([Ljava/util/concurrent/ConcurrentHashMap$Node;[Ljava/util/concurrent/ConcurrentHashMap$Node;)V @ 352 c2
Event: 217.137 Thread 0x000002906fab33c0 DEOPT PACKING pc=0x000002905efc1888 sp=0x000000ddce2f4940
Event: 217.137 Thread 0x000002906fab33c0 DEOPT UNPACKING pc=0x000002905e9a46a2 sp=0x000000ddce2f48a8 mode 2
Event: 218.076 Thread 0x000002906fab33c0 Uncommon trap: trap_request=0xffffff45 fr.pc=0x000002905f1ad600 relative=0x00000000000001c0
Event: 218.076 Thread 0x000002906fab33c0 Uncommon trap: reason=unstable_if action=reinterpret pc=0x000002905f1ad600 method=sun.net.www.ParseUtil.encodePath(Ljava/lang/String;Z)Ljava/lang/String; @ 1 c2
Event: 218.076 Thread 0x000002906fab33c0 DEOPT PACKING pc=0x000002905f1ad600 sp=0x000000ddce2f4580
Event: 218.076 Thread 0x000002906fab33c0 DEOPT UNPACKING pc=0x000002905e9a46a2 sp=0x000000ddce2f4538 mode 2

Classes loaded (20 events):
Event: 218.231 Loading class jdk/internal/icu/impl/Trie
Event: 218.231 Loading class jdk/internal/icu/impl/Trie done
Event: 218.231 Loading class jdk/internal/icu/impl/CharTrie done
Event: 218.235 Loading class jdk/internal/icu/util/VersionInfo
Event: 218.237 Loading class jdk/internal/icu/util/VersionInfo done
Event: 218.237 Loading class jdk/internal/icu/lang/UCharacter
Event: 218.239 Loading class jdk/internal/icu/lang/UCharacter done
Event: 218.239 Loading class jdk/internal/icu/impl/UCharacterProperty
Event: 218.241 Loading class jdk/internal/icu/impl/UCharacterProperty done
Event: 218.241 Loading class jdk/internal/icu/impl/UCharacterProperty$1
Event: 218.241 Loading class jdk/internal/icu/impl/UCharacterProperty$BiDiIntProperty
Event: 218.241 Loading class jdk/internal/icu/impl/UCharacterProperty$IntProperty
Event: 218.242 Loading class jdk/internal/icu/impl/UCharacterProperty$IntProperty done
Event: 218.242 Loading class jdk/internal/icu/impl/UCharacterProperty$BiDiIntProperty done
Event: 218.242 Loading class jdk/internal/icu/impl/UCharacterProperty$1 done
Event: 218.242 Loading class jdk/internal/icu/impl/ICUBinary$1
Event: 218.242 Loading class jdk/internal/icu/impl/ICUBinary$1 done
Event: 218.245 Loading class jdk/internal/icu/impl/UCharacterProperty$IsAcceptable
Event: 218.245 Loading class jdk/internal/icu/impl/UCharacterProperty$IsAcceptable done
Event: 218.246 Loading class jdk/internal/icu/impl/Trie2_16

Classes unloaded (20 events):
Event: 41.537 Thread 0x0000029069bfebf0 Unloading class 0x0000000100748558 '_BuildScript_$_run_closure1'
Event: 41.537 Thread 0x0000029069bfebf0 Unloading class 0x0000000100748000 '_BuildScript_'
Event: 65.738 Thread 0x0000029069bfebf0 Unloading class 0x00000001008ec968 '_BuildScript_$_run_closure1$_closure2'
Event: 65.738 Thread 0x0000029069bfebf0 Unloading class 0x00000001008ec558 '_BuildScript_$_run_closure1'
Event: 65.738 Thread 0x0000029069bfebf0 Unloading class 0x00000001008ec000 '_BuildScript_'
Event: 65.738 Thread 0x0000029069bfebf0 Unloading class 0x00000001008e0968 '_BuildScript_$_run_closure2'
Event: 65.738 Thread 0x0000029069bfebf0 Unloading class 0x00000001008e0558 '_BuildScript_$_run_closure1'
Event: 65.738 Thread 0x0000029069bfebf0 Unloading class 0x00000001008e0000 '_BuildScript_'
Event: 65.738 Thread 0x0000029069bfebf0 Unloading class 0x00000001007fc968 '_BuildScript_$_run_closure1$_closure2'
Event: 65.738 Thread 0x0000029069bfebf0 Unloading class 0x00000001007fc558 '_BuildScript_$_run_closure1'
Event: 65.738 Thread 0x0000029069bfebf0 Unloading class 0x00000001007fc000 '_BuildScript_'
Event: 113.467 Thread 0x0000029069bfebf0 Unloading class 0x00000001008ee410 '_BuildScript_$_run_closure1$_closure3'
Event: 113.467 Thread 0x0000029069bfebf0 Unloading class 0x00000001008ee000 '_BuildScript_$_run_closure1$_closure2'
Event: 113.467 Thread 0x0000029069bfebf0 Unloading class 0x00000001007fc968 '_BuildScript_$_run_closure1'
Event: 113.467 Thread 0x0000029069bfebf0 Unloading class 0x00000001007fc410 '_BuildScript_'
Event: 113.467 Thread 0x0000029069bfebf0 Unloading class 0x00000001007fc000 'JetGradlePlugin$_apply_closure1$_closure2$_closure3'
Event: 113.467 Thread 0x0000029069bfebf0 Unloading class 0x00000001008e09c0 'JetGradlePlugin$_apply_closure1$_closure2'
Event: 113.467 Thread 0x0000029069bfebf0 Unloading class 0x00000001008e05b0 'JetGradlePlugin$_apply_closure1'
Event: 113.467 Thread 0x0000029069bfebf0 Unloading class 0x00000001008e02f0 'JetGradlePlugin'
Event: 113.467 Thread 0x0000029069bfebf0 Unloading class 0x00000001008e0000 'RegistryProcessor'

Classes redefined (0 events):
No events

Internal exceptions (20 events):
Event: 208.042 Thread 0x000002906fab33c0 Exception <a 'java/lang/ClassNotFoundException'{0x00000000ee6f7fa0}: org/gradle/api/internal/project/DefaultProject_DecoratedBeanInfo> (0x00000000ee6f7fa0) 
thrown [s\src\hotspot\share\classfile\systemDictionary.cpp, line 312]
Event: 208.042 Thread 0x000002906fab33c0 Exception <a 'java/lang/ClassNotFoundException'{0x00000000ee504c10}: org/gradle/api/internal/project/DefaultProjectBeanInfo> (0x00000000ee504c10) 
thrown [s\src\hotspot\share\classfile\systemDictionary.cpp, line 312]
Event: 208.043 Thread 0x000002906fab33c0 Exception <a 'java/lang/ClassNotFoundException'{0x00000000ee5115b8}: org/gradle/api/internal/project/DefaultProjectCustomizer> (0x00000000ee5115b8) 
thrown [s\src\hotspot\share\classfile\systemDictionary.cpp, line 312]
Event: 208.060 Thread 0x000002906fab33c0 Exception <a 'java/lang/ClassNotFoundException'{0x00000000ee5c6bd0}: org/gradle/api/internal/project/DefaultProject_DecoratedCustomizer> (0x00000000ee5c6bd0) 
thrown [s\src\hotspot\share\classfile\systemDictionary.cpp, line 312]
Event: 208.609 Thread 0x000002906fab33c0 Exception <a 'java/lang/NoSuchMethodError'{0x00000000eddeb830}: 'long java.lang.invoke.DirectMethodHandle$Holder.invokeStatic(java.lang.Object, long)'> (0x00000000eddeb830) 
thrown [s\src\hotspot\share\interpreter\linkResolver.cpp, line 784]
Event: 208.898 Thread 0x000002906fab33c0 Exception <a 'java/lang/NoSuchMethodError'{0x00000000ed808f10}: 'java.lang.Object java.lang.invoke.DirectMethodHandle$Holder.invokeVirtual(java.lang.Object, java.lang.Object, java.lang.Object, java.lang.Object, java.lang.Object, java.lang.Object, java.lang.Object, java.lang.Object, java.lang.Object, java.lang.Object, java.lang.Object, java.lang.Object, java.lang.Object, java.lang.Object, java.lang.Object, java.lang.Object, java.lang.Object)'> (0x00000000ed808f10) 
thrown [s\src\hotspot\share\interpreter\li
Event: 208.900 Thread 0x000002906fab33c0 Exception <a 'java/lang/NoSuchMethodError'{0x00000000ed80f058}: 'java.lang.Object java.lang.invoke.DirectMethodHandle$Holder.invokeSpecial(java.lang.Object, java.lang.Object, java.lang.Object, java.lang.Object, java.lang.Object, java.lang.Object, java.lang.Object, java.lang.Object, java.lang.Object, java.lang.Object, java.lang.Object, java.lang.Object, java.lang.Object, java.lang.Object, java.lang.Object, java.lang.Object, java.lang.Object, java.lang.Object)'> (0x00000000ed80f058) 
thrown [s\src\hotspot\sh
Event: 208.901 Thread 0x000002906fab33c0 Exception <a 'java/lang/NoSuchMethodError'{0x00000000ed814828}: 'java.lang.Object java.lang.invoke.DelegatingMethodHandle$Holder.reinvoke_L(java.lang.Object, java.lang.Object, java.lang.Object, java.lang.Object, java.lang.Object, java.lang.Object, java.lang.Object, java.lang.Object, java.lang.Object, java.lang.Object, java.lang.Object, java.lang.Object, java.lang.Object, java.lang.Object, java.lang.Object, java.lang.Object, java.lang.Object)'> (0x00000000ed814828) 
thrown [s\src\hotspot\share\interpreter\l
Event: 209.091 Thread 0x000002906fab33c0 Exception <a 'java/lang/NoSuchMethodError'{0x00000000ed6b3d08}: 'java.lang.Object java.lang.invoke.Invokers$Holder.invoker(java.lang.Object, java.lang.Object, java.lang.Object, java.lang.Object, java.lang.Object, java.lang.Object, java.lang.Object, java.lang.Object, java.lang.Object, java.lang.Object, java.lang.Object, java.lang.Object, java.lang.Object, java.lang.Object, java.lang.Object, java.lang.Object, java.lang.Object, java.lang.Object, java.lang.Object, java.lang.Object, java.lang.Object, java.lang.
Event: 209.091 Thread 0x000002906fab33c0 Exception <a 'java/lang/NoSuchMethodError'{0x00000000ed6ba658}: 'java.lang.Object java.lang.invoke.DelegatingMethodHandle$Holder.delegate(java.lang.Object, java.lang.Object, java.lang.Object, java.lang.Object, java.lang.Object, java.lang.Object, java.lang.Object, java.lang.Object, java.lang.Object, java.lang.Object, java.lang.Object, java.lang.Object, java.lang.Object, java.lang.Object, java.lang.Object, java.lang.Object, java.lang.Object, java.lang.Object, java.lang.Object, java.lang.Object, java.lang.Obj
Event: 210.143 Thread 0x000002906fab33c0 Exception <a 'java/lang/NoSuchMethodError'{0x00000000eceaca80}: 'int java.lang.invoke.DirectMethodHandle$Holder.invokeSpecialIFC(java.lang.Object, java.lang.Object, java.lang.Object)'> (0x00000000eceaca80) 
thrown [s\src\hotspot\share\interpreter\linkResolver.cpp, line 784]
Event: 210.599 Thread 0x000002906fab33c0 Implicit null exception at 0x000002905f626be0 to 0x000002905f6270b8
Event: 211.038 Thread 0x000002906fab33c0 Exception <a 'java/lang/NoSuchMethodError'{0x00000000eca10530}: 'java.lang.Object java.lang.invoke.DirectMethodHandle$Holder.newInvokeSpecial(java.lang.Object, java.lang.Object, java.lang.Object, java.lang.Object, java.lang.Object, int)'> (0x00000000eca10530) 
thrown [s\src\hotspot\share\interpreter\linkResolver.cpp, line 784]
Event: 211.060 Thread 0x000002906fab33c0 Exception <a 'java/lang/NoSuchMethodError'{0x00000000eca15948}: 'java.lang.Object java.lang.invoke.DirectMethodHandle$Holder.invokeSpecial(java.lang.Object, java.lang.Object, java.lang.Object, java.lang.Object, java.lang.Object, java.lang.Object, int)'> (0x00000000eca15948) 
thrown [s\src\hotspot\share\interpreter\linkResolver.cpp, line 784]
Event: 211.063 Thread 0x000002906fab33c0 Exception <a 'java/lang/NoSuchMethodError'{0x00000000eca1a6b0}: 'java.lang.Object java.lang.invoke.Invokers$Holder.linkToTargetMethod(java.lang.Object, java.lang.Object, java.lang.Object, java.lang.Object, int, java.lang.Object)'> (0x00000000eca1a6b0) 
thrown [s\src\hotspot\share\interpreter\linkResolver.cpp, line 784]
Event: 211.082 Thread 0x000002906fab33c0 Exception <a 'java/lang/NoSuchMethodError'{0x00000000eca47d40}: 'java.lang.Object java.lang.invoke.DirectMethodHandle$Holder.invokeSpecial(java.lang.Object, java.lang.Object, java.lang.Object, java.lang.Object, java.lang.Object, long)'> (0x00000000eca47d40) 
thrown [s\src\hotspot\share\interpreter\linkResolver.cpp, line 784]
Event: 211.109 Thread 0x000002906fab33c0 Exception <a 'java/lang/NoSuchMethodError'{0x00000000eca67780}: 'void java.lang.invoke.DirectMethodHandle$Holder.invokeStatic(java.lang.Object, java.lang.Object, java.lang.Object, int, java.lang.Object)'> (0x00000000eca67780) 
thrown [s\src\hotspot\share\interpreter\linkResolver.cpp, line 784]
Event: 215.770 Thread 0x000002906fab33c0 Implicit null exception at 0x000002905f130100 to 0x000002905f13012c
Event: 215.790 Thread 0x000002906e3e9200 Exception <a 'java/lang/NoSuchMethodError'{0x00000000ebe090f8}: static Lorg/gradle/internal/build/event/types/DefaultFileDownloadDescriptor;.<clinit>()V> (0x00000000ebe090f8) 
thrown [s\src\hotspot\share\prims\jni.cpp, line 1144]
Event: 216.016 Thread 0x000002906fab33c0 Exception <a 'sun/nio/fs/WindowsException'{0x00000000ebdb64d0}> (0x00000000ebdb64d0) 
thrown [s\src\hotspot\share\prims\jni.cpp, line 537]

ZGC Phase Switch (0 events):
No events

VM Operations (20 events):
Event: 215.557 Executing VM operation: Cleanup
Event: 215.573 Executing VM operation: Cleanup done
Event: 216.040 Executing VM operation: HandshakeAllThreads (Deoptimize)
Event: 216.040 Executing VM operation: HandshakeAllThreads (Deoptimize) done
Event: 216.047 Executing VM operation: HandshakeAllThreads (Deoptimize)
Event: 216.047 Executing VM operation: HandshakeAllThreads (Deoptimize) done
Event: 216.212 Executing VM operation: HandshakeAllThreads (Deoptimize)
Event: 216.212 Executing VM operation: HandshakeAllThreads (Deoptimize) done
Event: 216.686 Executing VM operation: HandshakeAllThreads (Deoptimize)
Event: 216.687 Executing VM operation: HandshakeAllThreads (Deoptimize) done
Event: 216.687 Executing VM operation: Cleanup
Event: 216.687 Executing VM operation: Cleanup done
Event: 216.837 Executing VM operation: HandshakeAllThreads (Deoptimize)
Event: 216.838 Executing VM operation: HandshakeAllThreads (Deoptimize) done
Event: 217.351 Executing VM operation: HandshakeAllThreads (Deoptimize)
Event: 217.352 Executing VM operation: HandshakeAllThreads (Deoptimize) done
Event: 217.973 Executing VM operation: HandshakeAllThreads (Deoptimize)
Event: 217.973 Executing VM operation: HandshakeAllThreads (Deoptimize) done
Event: 217.973 Executing VM operation: Cleanup
Event: 217.973 Executing VM operation: Cleanup done

Memory protections (0 events):
No events

Nmethod flushes (20 events):
Event: 205.632 Thread 0x0000029069bfebf0 flushing  nmethod 0x000002905ef39790
Event: 205.632 Thread 0x0000029069bfebf0 flushing  nmethod 0x000002905f166310
Event: 205.632 Thread 0x0000029069bfebf0 flushing  nmethod 0x000002905f166890
Event: 205.632 Thread 0x0000029069bfebf0 flushing  nmethod 0x000002905f225010
Event: 205.632 Thread 0x0000029069bfebf0 flushing  nmethod 0x000002905f227790
Event: 205.632 Thread 0x0000029069bfebf0 flushing  nmethod 0x000002905f33ad10
Event: 205.632 Thread 0x0000029069bfebf0 flushing  nmethod 0x000002905f3c1190
Event: 205.632 Thread 0x0000029069bfebf0 flushing  nmethod 0x0000029057506a90
Event: 205.632 Thread 0x0000029069bfebf0 flushing  nmethod 0x0000029057bd2610
Event: 205.632 Thread 0x0000029069bfebf0 flushing  nmethod 0x0000029057d65c90
Event: 205.632 Thread 0x0000029069bfebf0 flushing  nmethod 0x0000029057d6a410
Event: 205.632 Thread 0x0000029069bfebf0 flushing  nmethod 0x000002905ef9c510
Event: 205.632 Thread 0x0000029069bfebf0 flushing  nmethod 0x000002905efba690
Event: 205.632 Thread 0x0000029069bfebf0 flushing  nmethod 0x000002905f002610
Event: 205.632 Thread 0x0000029069bfebf0 flushing  nmethod 0x000002905f1f2910
Event: 205.632 Thread 0x0000029069bfebf0 flushing  nmethod 0x000002905f3b5b10
Event: 205.632 Thread 0x0000029069bfebf0 flushing  nmethod 0x000002905754a410
Event: 205.632 Thread 0x0000029069bfebf0 flushing  nmethod 0x0000029057611190
Event: 205.632 Thread 0x0000029069bfebf0 flushing  nmethod 0x00000290576eb890
Event: 205.632 Thread 0x0000029069bfebf0 flushing  nmethod 0x000002905784d310

Events (20 events):
Event: 177.005 Thread 0x00000290729b1570 Thread exited: 0x00000290729b1570
Event: 183.406 Thread 0x000002906e0e7360 Thread added: 0x00000290729b1c40
Event: 183.552 Thread 0x00000290729b1c40 Thread exited: 0x00000290729b1c40
Event: 184.960 Thread 0x000002906e0e7360 Thread added: 0x00000290729aec90
Event: 185.122 Thread 0x00000290729aec90 Thread exited: 0x00000290729aec90
Event: 188.392 Thread 0x000002906e0e7360 Thread added: 0x00000290729b3e50
Event: 188.508 Thread 0x000002906e0e7360 Thread added: 0x00000290729b4520
Event: 189.260 Thread 0x00000290729b4520 Thread exited: 0x00000290729b4520
Event: 189.489 Thread 0x00000290729b3e50 Thread exited: 0x00000290729b3e50
Event: 191.476 Thread 0x000002906e0e7360 Thread added: 0x00000290729b6060
Event: 191.527 Thread 0x000002906e0e7360 Thread added: 0x00000290729b29e0
Event: 192.110 Thread 0x00000290729b29e0 Thread exited: 0x00000290729b29e0
Event: 192.537 Thread 0x00000290729b6060 Thread exited: 0x00000290729b6060
Event: 198.997 Thread 0x000002906e0e7360 Thread added: 0x000002906fee48e0
Event: 199.476 Thread 0x000002906fee48e0 Thread exited: 0x000002906fee48e0
Event: 207.842 Thread 0x000002906e0e7360 Thread added: 0x0000029072844830
Event: 208.639 Thread 0x0000029072844830 Thread exited: 0x0000029072844830
Event: 209.075 Thread 0x000002906fab33c0 Thread added: 0x0000029075954790
Event: 217.090 Thread 0x000002906e0e7360 Thread added: 0x0000029072844830
Event: 217.498 Thread 0x0000029072844830 Thread exited: 0x0000029072844830


Dynamic libraries:
0x00007ff638de0000 - 0x00007ff638dea000 	C:\Program Files\Android\Android Studio\jbr\bin\java.exe
0x00007ffc29cc0000 - 0x00007ffc29f27000 	C:\WINDOWS\SYSTEM32\ntdll.dll
0x00007ffc27a60000 - 0x00007ffc27b29000 	C:\WINDOWS\System32\KERNEL32.DLL
0x00007ffc272c0000 - 0x00007ffc276af000 	C:\WINDOWS\System32\KERNELBASE.dll
0x00007ffc27000000 - 0x00007ffc2714b000 	C:\WINDOWS\System32\ucrtbase.dll
0x00007ffc16370000 - 0x00007ffc16388000 	C:\Program Files\Android\Android Studio\jbr\bin\jli.dll
0x00007ffc16100000 - 0x00007ffc1611b000 	C:\Program Files\Android\Android Studio\jbr\bin\VCRUNTIME140.dll
0x00007ffc27b30000 - 0x00007ffc27cf5000 	C:\WINDOWS\System32\USER32.dll
0x00007ffc0e5b0000 - 0x00007ffc0e843000 	C:\WINDOWS\WinSxS\amd64_microsoft.windows.common-controls_6595b64144ccf1df_6.0.26100.7309_none_3e05feeae336a044\COMCTL32.dll
0x00007ffc276c0000 - 0x00007ffc276e7000 	C:\WINDOWS\System32\win32u.dll
0x00007ffc28920000 - 0x00007ffc289c9000 	C:\WINDOWS\System32\msvcrt.dll
0x00007ffc289d0000 - 0x00007ffc289fb000 	C:\WINDOWS\System32\GDI32.dll
0x00007ffc26e10000 - 0x00007ffc26f3c000 	C:\WINDOWS\System32\gdi32full.dll
0x00007ffc279b0000 - 0x00007ffc27a53000 	C:\WINDOWS\System32\msvcp_win.dll
0x00007ffc28400000 - 0x00007ffc28431000 	C:\WINDOWS\System32\IMM32.DLL
0x00007ffc201d0000 - 0x00007ffc201dc000 	C:\Program Files\Android\Android Studio\jbr\bin\vcruntime140_1.dll
0x00007ffbdb870000 - 0x00007ffbdb8fd000 	C:\Program Files\Android\Android Studio\jbr\bin\msvcp140.dll
0x00007ffb7e450000 - 0x00007ffb7f0de000 	C:\Program Files\Android\Android Studio\jbr\bin\server\jvm.dll
0x00007ffc29bc0000 - 0x00007ffc29c74000 	C:\WINDOWS\System32\ADVAPI32.dll
0x00007ffc27d00000 - 0x00007ffc27da6000 	C:\WINDOWS\System32\sechost.dll
0x00007ffc27f40000 - 0x00007ffc28058000 	C:\WINDOWS\System32\RPCRT4.dll
0x00007ffc29760000 - 0x00007ffc297d4000 	C:\WINDOWS\System32\WS2_32.dll
0x00007ffc26c70000 - 0x00007ffc26cce000 	C:\WINDOWS\SYSTEM32\POWRPROF.dll
0x00007ffc107a0000 - 0x00007ffc107d5000 	C:\WINDOWS\SYSTEM32\WINMM.dll
0x00007ffc179a0000 - 0x00007ffc179ab000 	C:\WINDOWS\SYSTEM32\VERSION.dll
0x00007ffc26c50000 - 0x00007ffc26c64000 	C:\WINDOWS\SYSTEM32\UMPDC.dll
0x00007ffc25b80000 - 0x00007ffc25b9b000 	C:\WINDOWS\SYSTEM32\kernel.appcore.dll
0x00007ffc1df00000 - 0x00007ffc1df0a000 	C:\Program Files\Android\Android Studio\jbr\bin\jimage.dll
0x00007ffc20c90000 - 0x00007ffc20ed2000 	C:\WINDOWS\SYSTEM32\DBGHELP.DLL
0x00007ffc28060000 - 0x00007ffc283e5000 	C:\WINDOWS\System32\combase.dll
0x00007ffc28a00000 - 0x00007ffc28ad6000 	C:\WINDOWS\System32\OLEAUT32.dll
0x00007ffc11140000 - 0x00007ffc1117c000 	C:\WINDOWS\SYSTEM32\dbgcore.DLL
0x00007ffc27900000 - 0x00007ffc279a5000 	C:\WINDOWS\System32\bcryptPrimitives.dll
0x00007ffc17cb0000 - 0x00007ffc17cbe000 	C:\Program Files\Android\Android Studio\jbr\bin\instrument.dll
0x00007ffc11960000 - 0x00007ffc11980000 	C:\Program Files\Android\Android Studio\jbr\bin\java.dll
0x00007ffc102f0000 - 0x00007ffc10308000 	C:\Program Files\Android\Android Studio\jbr\bin\zip.dll
0x00007ffc29000000 - 0x00007ffc29753000 	C:\WINDOWS\System32\SHELL32.dll
0x00007ffc27150000 - 0x00007ffc272ba000 	C:\WINDOWS\System32\wintypes.dll
0x00007ffc249f0000 - 0x00007ffc2524e000 	C:\WINDOWS\SYSTEM32\windows.storage.dll
0x00007ffc287c0000 - 0x00007ffc288b5000 	C:\WINDOWS\System32\SHCORE.dll
0x00007ffc297e0000 - 0x00007ffc29846000 	C:\WINDOWS\System32\shlwapi.dll
0x00007ffc26d30000 - 0x00007ffc26d59000 	C:\WINDOWS\SYSTEM32\profapi.dll
0x00007ffc16390000 - 0x00007ffc163a0000 	C:\Program Files\Android\Android Studio\jbr\bin\net.dll
0x00007ffc17100000 - 0x00007ffc17228000 	C:\WINDOWS\SYSTEM32\WINHTTP.dll
0x00007ffc260d0000 - 0x00007ffc2613b000 	C:\WINDOWS\system32\mswsock.dll
0x00007ffc0fd20000 - 0x00007ffc0fd36000 	C:\Program Files\Android\Android Studio\jbr\bin\nio.dll
0x00007ffc1dea0000 - 0x00007ffc1deb0000 	C:\Program Files\Android\Android Studio\jbr\bin\verify.dll
0x00007ffbf0000000 - 0x00007ffbf0027000 	C:\Users\SYS\.gradle\native\c067742578af261105cb4f569cf0c3c89f3d7b1fecec35dd04571415982c5e48\windows-amd64\native-platform.dll
0x00007ffbdb720000 - 0x00007ffbdb864000 	C:\Users\SYS\.gradle\native\38dada09dfb8b06ba9b0570ebf7e218e3eb74d4ef43ca46872605cf95ebc2f47\windows-amd64\native-platform-file-events.dll
0x00007ffc09df0000 - 0x00007ffc09df9000 	C:\Program Files\Android\Android Studio\jbr\bin\management.dll
0x00007ffc09de0000 - 0x00007ffc09deb000 	C:\Program Files\Android\Android Studio\jbr\bin\management_ext.dll
0x00007ffc29ab0000 - 0x00007ffc29ab8000 	C:\WINDOWS\System32\PSAPI.DLL
0x00007ffc264c0000 - 0x00007ffc264db000 	C:\WINDOWS\SYSTEM32\CRYPTSP.dll
0x00007ffc25ae0000 - 0x00007ffc25b1a000 	C:\WINDOWS\system32\rsaenh.dll
0x00007ffc26180000 - 0x00007ffc261ab000 	C:\WINDOWS\SYSTEM32\USERENV.dll
0x00007ffc26d00000 - 0x00007ffc26d2a000 	C:\WINDOWS\SYSTEM32\bcrypt.dll
0x00007ffc26320000 - 0x00007ffc2632c000 	C:\WINDOWS\SYSTEM32\CRYPTBASE.dll
0x00007ffc25570000 - 0x00007ffc255a4000 	C:\WINDOWS\SYSTEM32\IPHLPAPI.DLL
0x00007ffc28ff0000 - 0x00007ffc28ffa000 	C:\WINDOWS\System32\NSI.dll
0x00007ffc102e0000 - 0x00007ffc102e9000 	C:\Program Files\Android\Android Studio\jbr\bin\extnet.dll
0x00007ffbf1a60000 - 0x00007ffbf1a68000 	C:\WINDOWS\system32\wshunix.dll
0x00007ffc25ca0000 - 0x00007ffc25cd6000 	C:\WINDOWS\SYSTEM32\ntmarta.dll
0x00007ffc25600000 - 0x00007ffc2572c000 	C:\WINDOWS\SYSTEM32\DNSAPI.dll
0x00007ffc17250000 - 0x00007ffc1725b000 	C:\Windows\System32\rasadhlp.dll
0x00007ffc15940000 - 0x00007ffc159c6000 	C:\WINDOWS\System32\fwpuclnt.dll

dbghelp: loaded successfully - version: 4.0.5 - missing functions: none
symbol engine: initialized successfully - sym options: 0x614 - pdb path: .;C:\Program Files\Android\Android Studio\jbr\bin;C:\WINDOWS\SYSTEM32;C:\WINDOWS\WinSxS\amd64_microsoft.windows.common-controls_6595b64144ccf1df_6.0.26100.7309_none_3e05feeae336a044;C:\Program Files\Android\Android Studio\jbr\bin\server;C:\Users\SYS\.gradle\native\c067742578af261105cb4f569cf0c3c89f3d7b1fecec35dd04571415982c5e48\windows-amd64;C:\Users\SYS\.gradle\native\38dada09dfb8b06ba9b0570ebf7e218e3eb74d4ef43ca46872605cf95ebc2f47\windows-amd64

VM Arguments:
jvm_args: --add-opens=java.base/java.util=ALL-UNNAMED --add-opens=java.base/java.lang=ALL-UNNAMED --add-opens=java.base/java.lang.invoke=ALL-UNNAMED --add-opens=java.prefs/java.util.prefs=ALL-UNNAMED --add-opens=java.base/java.nio.charset=ALL-UNNAMED --add-opens=java.base/java.net=ALL-UNNAMED --add-opens=java.base/java.util.concurrent.atomic=ALL-UNNAMED -XX:MaxMetaspaceSize=384m -XX:+HeapDumpOnOutOfMemoryError -Xms256m -Xmx512m -Dfile.encoding=UTF-8 -Duser.country=US -Duser.language=en -Duser.variant -javaagent:C:\Users\SYS\.gradle\wrapper\dists\gradle-8.6-bin\afr5mpiioh2wthjmwnkmdsd5w\gradle-8.6\lib\agents\gradle-instrumentation-agent-8.6.jar 
java_command: org.gradle.launcher.daemon.bootstrap.GradleDaemon 8.6
java_class_path (initial): C:\Users\SYS\.gradle\wrapper\dists\gradle-8.6-bin\afr5mpiioh2wthjmwnkmdsd5w\gradle-8.6\lib\gradle-launcher-8.6.jar
Launcher Type: SUN_STANDARD

[Global flags]
     intx CICompilerCount                          = 4                                         {product} {ergonomic}
   size_t CompressedClassSpaceSize                 = 335544320                                 {product} {ergonomic}
     uint ConcGCThreads                            = 2                                         {product} {ergonomic}
     uint G1ConcRefinementThreads                  = 8                                         {product} {ergonomic}
   size_t G1HeapRegionSize                         = 1048576                                   {product} {ergonomic}
    uintx GCDrainStackTargetSize                   = 64                                        {product} {ergonomic}
     bool HeapDumpOnOutOfMemoryError               = true                                   {manageable} {command line}
   size_t InitialHeapSize                          = 268435456                                 {product} {command line}
   size_t MarkStackSize                            = 4194304                                   {product} {ergonomic}
   size_t MaxHeapSize                              = 536870912                                 {product} {command line}
   size_t MaxMetaspaceSize                         = 402653184                                 {product} {command line}
   size_t MaxNewSize                               = 321912832                                 {product} {ergonomic}
   size_t MinHeapDeltaBytes                        = 1048576                                   {product} {ergonomic}
   size_t MinHeapSize                              = 268435456                                 {product} {command line}
    uintx NonNMethodCodeHeapSize                   = 5839372                                {pd product} {ergonomic}
    uintx NonProfiledCodeHeapSize                  = 122909434                              {pd product} {ergonomic}
    uintx ProfiledCodeHeapSize                     = 122909434                              {pd product} {ergonomic}
    uintx ReservedCodeCacheSize                    = 251658240                              {pd product} {ergonomic}
     bool SegmentedCodeCache                       = true                                      {product} {ergonomic}
   size_t SoftMaxHeapSize                          = 536870912                              {manageable} {ergonomic}
     bool UseCompressedOops                        = true                           {product lp64_product} {ergonomic}
     bool UseG1GC                                  = true                                      {product} {ergonomic}
     bool UseLargePagesIndividualAllocation        = false                                  {pd product} {ergonomic}

Logging:
Log output configuration:
 #0: stdout all=warning uptime,level,tags foldmultilines=false
 #1: stderr all=off uptime,level,tags foldmultilines=false

Environment Variables:
PATH=C:\Program Files\Common Files\Oracle\Java\javapath;C:\WINDOWS\system32;C:\WINDOWS;C:\WINDOWS\System32\Wbem;C:\WINDOWS\System32\WindowsPowerShell\v1.0\;C:\WINDOWS\System32\OpenSSH\;C:\Program Files\Intel\WiFi\bin\;C:\Program Files\Common Files\Intel\WirelessCommon\;C:\msys64\ucrt64\bin;C:\Program Files\Git\cmd;C:\Program Files\nodejs\;C:\Program Files (x86)\Windows Kits\10\Windows Performance Toolkit\;D:\flutter_windows_3.35.6-stable\flutter\bin;c:\Users\SYS\AppData\Local\Programs\Trae\bin;C:\Program Files\Common Files\Oracle\Java\javapath;C:\WINDOWS\system32;C:\WINDOWS;C:\WINDOWS\System32\Wbem;C:\WINDOWS\System32\WindowsPowerShell\v1.0\;C:\WINDOWS\System32\OpenSSH\;C:\Program Files\Intel\WiFi\bin\;C:\Program Files\Common Files\Intel\WirelessCommon\;C:\msys64\ucrt64\bin;C:\Program Files\Git\cmd;C:\Program Files\nodejs\;C:\Program Files (x86)\Windows Kits\10\Windows Performance Toolkit\;D:\flutter_windows_3.35.6-stable\flutter\bin;C:\Program Files\Common Files\Oracle\Java\javapath;C:\WINDOWS\system32;C:\WINDOWS;C:\WINDOWS\System32\Wbem;C:\WINDOWS\System32\WindowsPowerShell\v1.0\;C:\WINDOWS\System32\OpenSSH\;C:\Program Files\Intel\WiFi\bin\;C:\Program Files\Common Files\Intel\WirelessCommon\;C:\msys64\ucrt64\bin;C:\Program Files\Git\cmd;C:\Program Files\nodejs\;C:\Program Files (x86)\Windows Kits\10\Windows Performance Toolkit\;D:\flutter_windows_3.35.6-stable\flutter\bin;C:\Users\SYS\AppData\Roaming\Pub\Cache\bin;C:\Users\SYS\AppData\Local\Pub\Cache\bin;C:\Users\SYS\AppData\Roaming\npm;C:\Users\SYS\AppData\Local\Programs\Antigravity\bin;C:\Users\SYS\AppData\Local\Programs\Kiro\bin;C:\Users\SYS\AppData\Local\Programs\Microsoft VS Code\bin
USERNAME=SYS
OS=Windows_NT
PROCESSOR_IDENTIFIER=Intel64 Family 6 Model 142 Stepping 12, GenuineIntel
TMP=C:\Users\SYS\AppData\Local\Temp
TEMP=C:\Users\SYS\AppData\Local\Temp




Periodic native trim disabled

JNI global refs:
JNI global refs: 28, weak refs: 0

JNI global refs memory usage: 835, weak refs: 201

Process memory usage:
Resident Set Size: 624624K (5% of 12291760K total physical memory with 631748K free physical memory)

OOME stack traces (most recent first):
Classloader memory used:
Loader org.gradle.internal.classloader.VisitableURLClassLoader                         : 97641K
Loader bootstrap                                                                       : 27774K
Loader org.gradle.initialization.MixInLegacyTypesClassLoader                           : 9758K
Loader org.gradle.internal.classloader.VisitableURLClassLoader                         : 818K
Loader org.gradle.internal.classloader.VisitableURLClassLoader$InstrumentingVisitableURLClassLoader: 757K
Loader jdk.internal.loader.ClassLoaders$PlatformClassLoader                            : 633K
Loader jdk.internal.jrtfs.JrtFileSystemProvider$JrtFsLoader                            : 330K
Loader jdk.internal.loader.ClassLoaders$AppClassLoader                                 : 230K
Loader jdk.internal.reflect.DelegatingClassLoader                                      : 178K
Loader org.gradle.groovy.scripts.internal.DefaultScriptCompilationHandler$ScriptClassLoader: 90656B
Loader org.codehaus.groovy.runtime.callsite.CallSiteClassLoader                        : 46216B


[error occurred during error reporting (Classloader stats), id 0xe0000001, Out of Memory Error (s\src\hotspot\share\memory\arena.cpp:168)]
---------------  S Y S T E M  ---------------

OS:
 Windows 11 , 64 bit Build 26100 (10.0.26100.7309)
OS uptime: 3 days 18:05 hours
Hyper-V role detected

CPU: total 8 (initial active 8) (4 cores per cpu, 2 threads per core) family 6 model 142 stepping 12 microcode 0x100, cx8, cmov, fxsr, ht, mmx, 3dnowpref, sse, sse2, sse3, ssse3, sse4.1, sse4.2, popcnt, lzcnt, tsc, tscinvbit, avx, avx2, aes, erms, clmul, bmi1, bmi2, adx, fma, vzeroupper, clflush, clflushopt, hv, rdtscp, f16c
Processor Information for the first 8 processors :
  Max Mhz: 1896, Current Mhz: 798, Mhz Limit: 796

Memory: 4k page, system-wide physical 12003M (617M free)
TotalPageFile size 20864M (AvailPageFile size 1M)
current process WorkingSet (physical memory assigned to process): 611M, peak: 611M
current process commit charge ("private bytes"): 641M, peak: 641M

vm_info: OpenJDK 64-Bit Server VM (21.0.7+-13880790-b1038.58) for windows-amd64 JRE (21.0.7+-13880790-b1038.58), built on 2025-08-04T20:56:21Z by "builder" with MS VC++ 16.10 / 16.11 (VS2019)

END.
